n/frame5650.jpg
n/frame5649.jpg
n/frame5648.jpg
n/frame5647.jpg
n/frame5646.jpg
n/frame5645.jpg
n/frame5644.jpg
n/frame5643.jpg
n/frame5642.jpg
n/frame5641.jpg
n/frame5640.jpg
n/frame5639.jpg
n/frame5638.jpg
n/frame5637.jpg
n/frame5636.jpg
n/frame5635.jpg
n/frame5634.jpg
n/frame5633.jpg
n/frame5632.jpg
n/frame5631.jpg
n/frame5630.jpg
n/frame5629.jpg
n/frame5628.jpg
n/frame5627.jpg
n/frame5626.jpg
n/frame5625.jpg
n/frame5624.jpg
n/frame5623.jpg
n/frame5622.jpg
n/frame5621.jpg
n/frame5620.jpg
n/frame5619.jpg
n/frame5618.jpg
n/frame5617.jpg
n/frame5616.jpg
n/frame5615.jpg
n/frame5614.jpg
n/frame5613.jpg
n/frame5612.jpg
n/frame5611.jpg
n/frame5610.jpg
n/frame5609.jpg
n/frame5608.jpg
n/frame5607.jpg
n/frame5606.jpg
n/frame5605.jpg
n/frame5604.jpg
n/frame5603.jpg
n/frame5602.jpg
n/frame5601.jpg
n/frame5600.jpg
n/frame5599.jpg
n/frame5598.jpg
n/frame5597.jpg
n/frame5596.jpg
n/frame5595.jpg
n/frame5594.jpg
n/frame5593.jpg
n/frame5592.jpg
n/frame5591.jpg
n/frame5590.jpg
n/frame5589.jpg
n/frame5588.jpg
n/frame5587.jpg
n/frame5586.jpg
n/frame5585.jpg
n/frame5584.jpg
n/frame5583.jpg
n/frame5582.jpg
n/frame5581.jpg
n/frame5580.jpg
n/frame5579.jpg
n/frame5578.jpg
n/frame5577.jpg
n/frame5576.jpg
n/frame5575.jpg
n/frame5574.jpg
n/frame5573.jpg
n/frame5572.jpg
n/frame5571.jpg
n/frame5570.jpg
n/frame5569.jpg
n/frame5568.jpg
n/frame5567.jpg
n/frame5566.jpg
n/frame5565.jpg
n/frame5564.jpg
n/frame5563.jpg
n/frame5562.jpg
n/frame5561.jpg
n/frame5560.jpg
n/frame5559.jpg
n/frame5558.jpg
n/frame5557.jpg
n/frame5556.jpg
n/frame5555.jpg
n/frame5554.jpg
n/frame5553.jpg
n/frame5552.jpg
n/frame5551.jpg
n/frame5550.jpg
n/frame5549.jpg
n/frame5548.jpg
n/frame5547.jpg
n/frame5546.jpg
n/frame5545.jpg
n/frame5544.jpg
n/frame5543.jpg
n/frame5542.jpg
n/frame5541.jpg
n/frame5540.jpg
n/frame5539.jpg
n/frame5538.jpg
n/frame5537.jpg
n/frame5536.jpg
n/frame5535.jpg
n/frame5534.jpg
n/frame5533.jpg
n/frame5532.jpg
n/frame5531.jpg
n/frame5530.jpg
n/frame5529.jpg
n/frame5528.jpg
n/frame5527.jpg
n/frame5526.jpg
n/frame5525.jpg
n/frame5524.jpg
n/frame5523.jpg
n/frame5522.jpg
n/frame5521.jpg
n/frame5520.jpg
n/frame5519.jpg
n/frame5518.jpg
n/frame5517.jpg
n/frame5516.jpg
n/frame5515.jpg
n/frame5514.jpg
n/frame5513.jpg
n/frame5512.jpg
n/frame5511.jpg
n/frame5510.jpg
n/frame5509.jpg
n/frame5508.jpg
n/frame5507.jpg
n/frame5506.jpg
n/frame5505.jpg
n/frame5504.jpg
n/frame5503.jpg
n/frame5502.jpg
n/frame5501.jpg
n/frame5500.jpg
n/frame5499.jpg
n/frame5498.jpg
n/frame5497.jpg
n/frame5496.jpg
n/frame5495.jpg
n/frame5494.jpg
n/frame5493.jpg
n/frame5492.jpg
n/frame5491.jpg
n/frame5490.jpg
n/frame5489.jpg
n/frame5488.jpg
n/frame5487.jpg
n/frame5486.jpg
n/frame5485.jpg
n/frame5484.jpg
n/frame5483.jpg
n/frame5482.jpg
n/frame5481.jpg
n/frame5480.jpg
n/frame5479.jpg
n/frame5478.jpg
n/frame5477.jpg
n/frame5476.jpg
n/frame5475.jpg
n/frame5474.jpg
n/frame5473.jpg
n/frame5472.jpg
n/frame5471.jpg
n/frame5470.jpg
n/frame5469.jpg
n/frame5468.jpg
n/frame5467.jpg
n/frame5466.jpg
n/frame5465.jpg
n/frame5464.jpg
n/frame5463.jpg
n/frame5462.jpg
n/frame5461.jpg
n/frame5460.jpg
n/frame5459.jpg
n/frame5458.jpg
n/frame5457.jpg
n/frame5456.jpg
n/frame5455.jpg
n/frame5454.jpg
n/frame5453.jpg
n/frame5452.jpg
n/frame5451.jpg
n/frame5450.jpg
n/frame5449.jpg
n/frame5448.jpg
n/frame5447.jpg
n/frame5446.jpg
n/frame5445.jpg
n/frame5444.jpg
n/frame5443.jpg
n/frame5442.jpg
n/frame5441.jpg
n/frame5440.jpg
n/frame5439.jpg
n/frame5438.jpg
n/frame5437.jpg
n/frame5436.jpg
n/frame5435.jpg
n/frame5434.jpg
n/frame5433.jpg
n/frame5432.jpg
n/frame5431.jpg
n/frame5430.jpg
n/frame5429.jpg
n/frame5428.jpg
n/frame5427.jpg
n/frame5426.jpg
n/frame5425.jpg
n/frame5424.jpg
n/frame5423.jpg
n/frame5422.jpg
n/frame5421.jpg
n/frame5420.jpg
n/frame5419.jpg
n/frame5418.jpg
n/frame5417.jpg
n/frame5416.jpg
n/frame5415.jpg
n/frame5414.jpg
n/frame5413.jpg
n/frame5412.jpg
n/frame5411.jpg
n/frame5410.jpg
n/frame5409.jpg
n/frame5408.jpg
n/frame5407.jpg
n/frame5406.jpg
n/frame5405.jpg
n/frame5404.jpg
n/frame5403.jpg
n/frame5402.jpg
n/frame5401.jpg
n/frame5400.jpg
n/frame5399.jpg
n/frame5398.jpg
n/frame5397.jpg
n/frame5396.jpg
n/frame5395.jpg
n/frame5394.jpg
n/frame5393.jpg
n/frame5392.jpg
n/frame5391.jpg
n/frame5390.jpg
n/frame5389.jpg
n/frame5388.jpg
n/frame5387.jpg
n/frame5386.jpg
n/frame5385.jpg
n/frame5384.jpg
n/frame5383.jpg
n/frame5382.jpg
n/frame5381.jpg
n/frame5380.jpg
n/frame5379.jpg
n/frame5378.jpg
n/frame5377.jpg
n/frame5376.jpg
n/frame5375.jpg
n/frame5374.jpg
n/frame5373.jpg
n/frame5372.jpg
n/frame5371.jpg
n/frame5370.jpg
n/frame5369.jpg
n/frame5368.jpg
n/frame5367.jpg
n/frame5366.jpg
n/frame5365.jpg
n/frame5364.jpg
n/frame5363.jpg
n/frame5362.jpg
n/frame5361.jpg
n/frame5360.jpg
n/frame5359.jpg
n/frame5358.jpg
n/frame5357.jpg
n/frame5356.jpg
n/frame5355.jpg
n/frame5354.jpg
n/frame5353.jpg
n/frame5352.jpg
n/frame5351.jpg
n/frame5350.jpg
n/frame5349.jpg
n/frame5348.jpg
n/frame5347.jpg
n/frame5346.jpg
n/frame5345.jpg
n/frame5344.jpg
n/frame5343.jpg
n/frame5342.jpg
n/frame5341.jpg
n/frame5340.jpg
n/frame5339.jpg
n/frame5338.jpg
n/frame5337.jpg
n/frame5336.jpg
n/frame5335.jpg
n/frame5334.jpg
n/frame5333.jpg
n/frame5332.jpg
n/frame5331.jpg
n/frame5330.jpg
n/frame5329.jpg
n/frame5328.jpg
n/frame5327.jpg
n/frame5326.jpg
n/frame5325.jpg
n/frame5324.jpg
n/frame5323.jpg
n/frame5322.jpg
n/frame5321.jpg
n/frame5320.jpg
n/frame5319.jpg
n/frame5318.jpg
n/frame5317.jpg
n/frame5316.jpg
n/frame5315.jpg
n/frame5314.jpg
n/frame5313.jpg
n/frame5312.jpg
n/frame5311.jpg
n/frame5310.jpg
n/frame5309.jpg
n/frame5308.jpg
n/frame5307.jpg
n/frame5306.jpg
n/frame5305.jpg
n/frame5304.jpg
n/frame5303.jpg
n/frame5302.jpg
n/frame5301.jpg
n/frame5300.jpg
n/frame5299.jpg
n/frame5298.jpg
n/frame5297.jpg
n/frame5296.jpg
n/frame5295.jpg
n/frame5294.jpg
n/frame5293.jpg
n/frame5292.jpg
n/frame5291.jpg
n/frame5290.jpg
n/frame5289.jpg
n/frame5288.jpg
n/frame5287.jpg
n/frame5286.jpg
n/frame5285.jpg
n/frame5284.jpg
n/frame5283.jpg
n/frame5282.jpg
n/frame5281.jpg
n/frame5280.jpg
n/frame5279.jpg
n/frame5278.jpg
n/frame5277.jpg
n/frame5276.jpg
n/frame5275.jpg
n/frame5274.jpg
n/frame5273.jpg
n/frame5272.jpg
n/frame5271.jpg
n/frame5270.jpg
n/frame5269.jpg
n/frame5268.jpg
n/frame5267.jpg
n/frame5266.jpg
n/frame5265.jpg
n/frame5264.jpg
n/frame5263.jpg
n/frame5262.jpg
n/frame5261.jpg
n/frame5260.jpg
n/frame5259.jpg
n/frame5258.jpg
n/frame5257.jpg
n/frame5256.jpg
n/frame5255.jpg
n/frame5254.jpg
n/frame5253.jpg
n/frame5252.jpg
n/frame5251.jpg
n/frame5250.jpg
n/frame5249.jpg
n/frame5248.jpg
n/frame5247.jpg
n/frame5246.jpg
n/frame5245.jpg
n/frame5244.jpg
n/frame5243.jpg
n/frame5242.jpg
n/frame5241.jpg
n/frame5240.jpg
n/frame5239.jpg
n/frame5238.jpg
n/frame5237.jpg
n/frame5236.jpg
n/frame5235.jpg
n/frame5234.jpg
n/frame5233.jpg
n/frame5232.jpg
n/frame5231.jpg
n/frame5230.jpg
n/frame5229.jpg
n/frame5228.jpg
n/frame5227.jpg
n/frame5226.jpg
n/frame5225.jpg
n/frame5224.jpg
n/frame5223.jpg
n/frame5222.jpg
n/frame5221.jpg
n/frame5220.jpg
n/frame5219.jpg
n/frame5218.jpg
n/frame5217.jpg
n/frame5216.jpg
n/frame5215.jpg
n/frame5214.jpg
n/frame5213.jpg
n/frame5212.jpg
n/frame5211.jpg
n/frame5210.jpg
n/frame5209.jpg
n/frame5208.jpg
n/frame5207.jpg
n/frame5206.jpg
n/frame5205.jpg
n/frame5204.jpg
n/frame5203.jpg
n/frame5202.jpg
n/frame5201.jpg
n/frame5200.jpg
n/frame5199.jpg
n/frame5198.jpg
n/frame5197.jpg
n/frame5196.jpg
n/frame5195.jpg
n/frame5194.jpg
n/frame5193.jpg
n/frame5192.jpg
n/frame5191.jpg
n/frame5190.jpg
n/frame5189.jpg
n/frame5188.jpg
n/frame5187.jpg
n/frame5186.jpg
n/frame5185.jpg
n/frame5184.jpg
n/frame5183.jpg
n/frame5182.jpg
n/frame5181.jpg
n/frame5180.jpg
n/frame5179.jpg
n/frame5178.jpg
n/frame5177.jpg
n/frame5176.jpg
n/frame5175.jpg
n/frame5174.jpg
n/frame5173.jpg
n/frame5172.jpg
n/frame5171.jpg
n/frame5170.jpg
n/frame5169.jpg
n/frame5168.jpg
n/frame5167.jpg
n/frame5166.jpg
n/frame5165.jpg
n/frame5164.jpg
n/frame5163.jpg
n/frame5162.jpg
n/frame5161.jpg
n/frame5160.jpg
n/frame5159.jpg
n/frame5158.jpg
n/frame5157.jpg
n/frame5156.jpg
n/frame5155.jpg
n/frame5154.jpg
n/frame5153.jpg
n/frame5152.jpg
n/frame5151.jpg
n/frame5150.jpg
n/frame5149.jpg
n/frame5148.jpg
n/frame5147.jpg
n/frame5146.jpg
n/frame5145.jpg
n/frame5144.jpg
n/frame5143.jpg
n/frame5142.jpg
n/frame5141.jpg
n/frame5140.jpg
n/frame5139.jpg
n/frame5138.jpg
n/frame5137.jpg
n/frame5136.jpg
n/frame5135.jpg
n/frame5134.jpg
n/frame5133.jpg
n/frame5132.jpg
n/frame5131.jpg
n/frame5130.jpg
n/frame5129.jpg
n/frame5128.jpg
n/frame5127.jpg
n/frame5126.jpg
n/frame5125.jpg
n/frame5124.jpg
n/frame5123.jpg
n/frame5122.jpg
n/frame5121.jpg
n/frame5120.jpg
n/frame5119.jpg
n/frame5118.jpg
n/frame5117.jpg
n/frame5116.jpg
n/frame5115.jpg
n/frame5114.jpg
n/frame5113.jpg
n/frame5112.jpg
n/frame5111.jpg
n/frame5110.jpg
n/frame5109.jpg
n/frame5108.jpg
n/frame5107.jpg
n/frame5106.jpg
n/frame5105.jpg
n/frame5104.jpg
n/frame5103.jpg
n/frame5102.jpg
n/frame5101.jpg
n/frame5100.jpg
n/frame5099.jpg
n/frame5098.jpg
n/frame5097.jpg
n/frame5096.jpg
n/frame5095.jpg
n/frame5094.jpg
n/frame5093.jpg
n/frame5092.jpg
n/frame5091.jpg
n/frame5090.jpg
n/frame5089.jpg
n/frame5088.jpg
n/frame5087.jpg
n/frame5086.jpg
n/frame5085.jpg
n/frame5084.jpg
n/frame5083.jpg
n/frame5082.jpg
n/frame5081.jpg
n/frame5080.jpg
n/frame5079.jpg
n/frame5078.jpg
n/frame5077.jpg
n/frame5076.jpg
n/frame5075.jpg
n/frame5074.jpg
n/frame5073.jpg
n/frame5072.jpg
n/frame5071.jpg
n/frame5070.jpg
n/frame5069.jpg
n/frame5068.jpg
n/frame5067.jpg
n/frame5066.jpg
n/frame5065.jpg
n/frame5064.jpg
n/frame5063.jpg
n/frame5062.jpg
n/frame5061.jpg
n/frame5060.jpg
n/frame5059.jpg
n/frame5058.jpg
n/frame5057.jpg
n/frame5056.jpg
n/frame5055.jpg
n/frame5054.jpg
n/frame5053.jpg
n/frame5052.jpg
n/frame5051.jpg
n/frame5050.jpg
n/frame5049.jpg
n/frame5048.jpg
n/frame5047.jpg
n/frame5046.jpg
n/frame5045.jpg
n/frame5044.jpg
n/frame5043.jpg
n/frame5042.jpg
n/frame5041.jpg
n/frame5040.jpg
n/frame5039.jpg
n/frame5038.jpg
n/frame5037.jpg
n/frame5036.jpg
n/frame5035.jpg
n/frame5034.jpg
n/frame5033.jpg
n/frame5032.jpg
n/frame5031.jpg
n/frame5030.jpg
n/frame5029.jpg
n/frame5028.jpg
n/frame5027.jpg
n/frame5026.jpg
n/frame5025.jpg
n/frame5024.jpg
n/frame5023.jpg
n/frame5022.jpg
n/frame5021.jpg
n/frame5020.jpg
n/frame5019.jpg
n/frame5018.jpg
n/frame5017.jpg
n/frame5016.jpg
n/frame5015.jpg
n/frame5014.jpg
n/frame5013.jpg
n/frame5012.jpg
n/frame5011.jpg
n/frame5010.jpg
n/frame5009.jpg
n/frame5008.jpg
n/frame5007.jpg
n/frame5006.jpg
n/frame5005.jpg
n/frame5004.jpg
n/frame5003.jpg
n/frame5002.jpg
n/frame5001.jpg
n/frame5000.jpg
n/frame2089.jpg
n/frame2088.jpg
n/frame2087.jpg
n/frame2086.jpg
n/frame2085.jpg
n/frame2084.jpg
n/frame2083.jpg
n/frame2082.jpg
n/frame2081.jpg
n/frame2080.jpg
n/frame2079.jpg
n/frame2078.jpg
n/frame2077.jpg
n/frame2076.jpg
n/frame2075.jpg
n/frame2074.jpg
n/frame2073.jpg
n/frame2072.jpg
n/frame2071.jpg
n/frame2070.jpg
n/frame2069.jpg
n/frame2068.jpg
n/frame2067.jpg
n/frame2066.jpg
n/frame2065.jpg
n/frame2064.jpg
n/frame2063.jpg
n/frame2062.jpg
n/frame2061.jpg
n/frame2060.jpg
n/frame2059.jpg
n/frame2058.jpg
n/frame2057.jpg
n/frame2056.jpg
n/frame2055.jpg
n/frame2054.jpg
n/frame2053.jpg
n/frame2052.jpg
n/frame2051.jpg
n/frame2050.jpg
n/frame2049.jpg
n/frame2048.jpg
n/frame2047.jpg
n/frame2046.jpg
n/frame2045.jpg
n/frame2044.jpg
n/frame2043.jpg
n/frame2042.jpg
n/frame2041.jpg
n/frame2040.jpg
n/frame2039.jpg
n/frame2038.jpg
n/frame2037.jpg
n/frame2036.jpg
n/frame2035.jpg
n/frame2034.jpg
n/frame2033.jpg
n/frame2032.jpg
n/frame2031.jpg
n/frame2030.jpg
n/frame2029.jpg
n/frame2028.jpg
n/frame2027.jpg
n/frame2026.jpg
n/frame2025.jpg
n/frame2024.jpg
n/frame2023.jpg
n/frame2022.jpg
n/frame2021.jpg
n/frame2020.jpg
n/frame2019.jpg
n/frame2018.jpg
n/frame2017.jpg
n/frame2016.jpg
n/frame2015.jpg
n/frame2014.jpg
n/frame2013.jpg
n/frame2012.jpg
n/frame2011.jpg
n/frame2010.jpg
n/frame2009.jpg
n/frame2008.jpg
n/frame2007.jpg
n/frame2006.jpg
n/frame2005.jpg
n/frame2004.jpg
n/frame2003.jpg
n/frame2002.jpg
n/frame2001.jpg
n/frame2000.jpg
n/frame1999.jpg
n/frame1998.jpg
n/frame1997.jpg
n/frame1996.jpg
n/frame1995.jpg
n/frame1994.jpg
n/frame1993.jpg
n/frame1992.jpg
n/frame1991.jpg
n/frame1990.jpg
n/frame1989.jpg
n/frame1988.jpg
n/frame1987.jpg
n/frame1986.jpg
n/frame1985.jpg
n/frame1984.jpg
n/frame1983.jpg
n/frame1982.jpg
n/frame1981.jpg
n/frame1980.jpg
n/frame1979.jpg
n/frame1978.jpg
n/frame1977.jpg
n/frame1976.jpg
n/frame1975.jpg
n/frame1974.jpg
n/frame1973.jpg
n/frame1972.jpg
n/frame1971.jpg
n/frame1970.jpg
n/frame1969.jpg
n/frame1968.jpg
n/frame1967.jpg
n/frame1966.jpg
n/frame1965.jpg
n/frame1964.jpg
n/frame1963.jpg
n/frame1962.jpg
n/frame1961.jpg
n/frame1960.jpg
n/frame1959.jpg
n/frame1958.jpg
n/frame1957.jpg
n/frame1956.jpg
n/frame1955.jpg
n/frame1954.jpg
n/frame1953.jpg
n/frame1952.jpg
n/frame1951.jpg
n/frame1950.jpg
n/frame1949.jpg
n/frame1948.jpg
n/frame1947.jpg
n/frame1946.jpg
n/frame1945.jpg
n/frame1944.jpg
n/frame1943.jpg
n/frame1942.jpg
n/frame1941.jpg
n/frame1940.jpg
n/frame1939.jpg
n/frame1938.jpg
n/frame1937.jpg
n/frame1936.jpg
n/frame1935.jpg
n/frame1934.jpg
n/frame1933.jpg
n/frame1932.jpg
n/frame1931.jpg
n/frame1930.jpg
n/frame1929.jpg
n/frame1928.jpg
n/frame1927.jpg
n/frame1926.jpg
n/frame1925.jpg
n/frame1924.jpg
n/frame1923.jpg
n/frame1922.jpg
n/frame1921.jpg
n/frame1920.jpg
n/frame1919.jpg
n/frame1918.jpg
n/frame1917.jpg
n/frame1916.jpg
n/frame1915.jpg
n/frame1914.jpg
n/frame1913.jpg
n/frame1912.jpg
n/frame1911.jpg
n/frame1910.jpg
n/frame1909.jpg
n/frame1908.jpg
n/frame1907.jpg
n/frame1906.jpg
n/frame1905.jpg
n/frame1904.jpg
n/frame1903.jpg
n/frame1902.jpg
n/frame1901.jpg
n/frame1900.jpg
n/frame1899.jpg
n/frame1898.jpg
n/frame1897.jpg
n/frame1896.jpg
n/frame1895.jpg
n/frame1894.jpg
n/frame1893.jpg
n/frame1892.jpg
n/frame1891.jpg
n/frame1890.jpg
n/frame1889.jpg
n/frame1888.jpg
n/frame1887.jpg
n/frame1886.jpg
n/frame1885.jpg
n/frame1884.jpg
n/frame1883.jpg
n/frame1882.jpg
n/frame1881.jpg
n/frame1880.jpg
n/frame1879.jpg
n/frame1878.jpg
n/frame1877.jpg
n/frame1876.jpg
n/frame1875.jpg
n/frame1874.jpg
n/frame1873.jpg
n/frame1872.jpg
n/frame1871.jpg
n/frame1870.jpg
n/frame1869.jpg
n/frame1868.jpg
n/frame1867.jpg
n/frame1866.jpg
n/frame1865.jpg
n/frame1864.jpg
n/frame1863.jpg
n/frame1862.jpg
n/frame1861.jpg
n/frame1860.jpg
n/frame1859.jpg
n/frame1858.jpg
n/frame1857.jpg
n/frame1856.jpg
n/frame1855.jpg
n/frame1854.jpg
n/frame1853.jpg
n/frame1852.jpg
n/frame1851.jpg
n/frame1850.jpg
n/frame1849.jpg
n/frame1848.jpg
n/frame1847.jpg
n/frame1846.jpg
n/frame1845.jpg
n/frame1844.jpg
n/frame1843.jpg
n/frame1842.jpg
n/frame1841.jpg
n/frame1840.jpg
n/frame1839.jpg
n/frame1838.jpg
n/frame1837.jpg
n/frame1836.jpg
n/frame1835.jpg
n/frame1834.jpg
n/frame1833.jpg
n/frame1832.jpg
n/frame1831.jpg
n/frame1830.jpg
n/frame1829.jpg
n/frame1828.jpg
n/frame1827.jpg
n/frame1826.jpg
n/frame1825.jpg
n/frame1824.jpg
n/frame1823.jpg
n/frame1822.jpg
n/frame1821.jpg
n/frame1820.jpg
n/frame1819.jpg
n/frame1818.jpg
n/frame1817.jpg
n/frame1816.jpg
n/frame1815.jpg
n/frame1814.jpg
n/frame1813.jpg
n/frame1812.jpg
n/frame1811.jpg
n/frame1810.jpg
n/frame1809.jpg
n/frame1808.jpg
n/frame1807.jpg
n/frame1806.jpg
n/frame1805.jpg
n/frame1804.jpg
n/frame1803.jpg
n/frame1802.jpg
n/frame1801.jpg
n/frame1800.jpg
n/frame1799.jpg
n/frame1798.jpg
n/frame1797.jpg
n/frame1796.jpg
n/frame1795.jpg
n/frame1794.jpg
n/frame1793.jpg
n/frame1792.jpg
n/frame1791.jpg
n/frame1790.jpg
n/frame1789.jpg
n/frame1788.jpg
n/frame1787.jpg
n/frame1786.jpg
n/frame1785.jpg
n/frame1784.jpg
n/frame1783.jpg
n/frame1782.jpg
n/frame1781.jpg
n/frame1780.jpg
n/frame1779.jpg
n/frame1778.jpg
n/frame1777.jpg
n/frame1776.jpg
n/frame1775.jpg
n/frame1774.jpg
n/frame1773.jpg
n/frame1772.jpg
n/frame1771.jpg
n/frame1770.jpg
n/frame1769.jpg
n/frame1768.jpg
n/frame1767.jpg
n/frame1766.jpg
n/frame1765.jpg
n/frame1764.jpg
n/frame1763.jpg
n/frame1762.jpg
n/frame1761.jpg
n/frame1760.jpg
n/frame1759.jpg
n/frame1758.jpg
n/frame1757.jpg
n/frame1756.jpg
n/frame1755.jpg
n/frame1754.jpg
n/frame1753.jpg
n/frame1752.jpg
n/frame1751.jpg
n/frame1750.jpg
n/frame1749.jpg
n/frame1748.jpg
n/frame1747.jpg
n/frame1746.jpg
n/frame1745.jpg
n/frame1744.jpg
n/frame1743.jpg
n/frame1742.jpg
n/frame1741.jpg
n/frame1740.jpg
n/frame1739.jpg
n/frame1738.jpg
n/frame1737.jpg
n/frame1736.jpg
n/frame1735.jpg
n/frame1734.jpg
n/frame1733.jpg
n/frame1732.jpg
n/frame1731.jpg
n/frame1730.jpg
n/frame1729.jpg
n/frame1728.jpg
n/frame1727.jpg
n/frame1726.jpg
n/frame1725.jpg
n/frame1724.jpg
n/frame1723.jpg
n/frame1722.jpg
n/frame1721.jpg
n/frame1720.jpg
n/frame1719.jpg
n/frame1718.jpg
n/frame1717.jpg
n/frame1716.jpg
n/frame1715.jpg
n/frame1714.jpg
n/frame1713.jpg
n/frame1712.jpg
n/frame1711.jpg
n/frame1710.jpg
n/frame1709.jpg
n/frame1708.jpg
n/frame1707.jpg
n/frame1706.jpg
n/frame1705.jpg
n/frame1704.jpg
n/frame1703.jpg
n/frame1702.jpg
n/frame1701.jpg
n/frame1700.jpg
n/frame1699.jpg
n/frame1698.jpg
n/frame1697.jpg
n/frame1696.jpg
n/frame1695.jpg
n/frame1694.jpg
n/frame1693.jpg
n/frame1692.jpg
n/frame1691.jpg
n/frame1690.jpg
n/frame1689.jpg
n/frame1688.jpg
n/frame1687.jpg
n/frame1686.jpg
n/frame1685.jpg
n/frame1684.jpg
n/frame1683.jpg
n/frame1682.jpg
n/frame1681.jpg
n/frame1680.jpg
n/frame1679.jpg
n/frame1678.jpg
n/frame1677.jpg
n/frame1676.jpg
n/frame1675.jpg
n/frame1674.jpg
n/frame1673.jpg
n/frame1672.jpg
n/frame1671.jpg
n/frame1670.jpg
n/frame1669.jpg
n/frame1668.jpg
n/frame1667.jpg
n/frame1666.jpg
n/frame1665.jpg
n/frame1664.jpg
n/frame1663.jpg
n/frame1662.jpg
n/frame1661.jpg
n/frame1660.jpg
n/frame1659.jpg
n/frame1658.jpg
n/frame1657.jpg
n/frame1656.jpg
n/frame1655.jpg
n/frame1654.jpg
n/frame1653.jpg
n/frame1652.jpg
n/frame1651.jpg
n/frame1650.jpg
n/frame1649.jpg
n/frame1648.jpg
n/frame1647.jpg
n/frame1646.jpg
n/frame1645.jpg
n/frame1644.jpg
n/frame1643.jpg
n/frame1642.jpg
n/frame1641.jpg
n/frame1640.jpg
n/frame1639.jpg
n/frame1638.jpg
n/frame1637.jpg
n/frame1636.jpg
n/frame1635.jpg
n/frame1634.jpg
n/frame1633.jpg
n/frame1632.jpg
n/frame1631.jpg
n/frame1630.jpg
n/frame1629.jpg
n/frame1628.jpg
n/frame1627.jpg
n/frame1626.jpg
n/frame1625.jpg
n/frame1624.jpg
n/frame1623.jpg
n/frame1622.jpg
n/frame1621.jpg
n/frame1620.jpg
n/frame1619.jpg
n/frame1618.jpg
n/frame1617.jpg
n/frame1616.jpg
n/frame1615.jpg
n/frame1614.jpg
n/frame1613.jpg
n/frame1612.jpg
n/frame1611.jpg
n/frame1610.jpg
n/frame1609.jpg
n/frame1608.jpg
n/frame1607.jpg
n/frame1606.jpg
n/frame1605.jpg
n/frame1604.jpg
n/frame1603.jpg
n/frame1602.jpg
n/frame1601.jpg
n/frame1600.jpg
n/frame1599.jpg
n/frame1598.jpg
n/frame1597.jpg
n/frame1596.jpg
n/frame1595.jpg
n/frame1594.jpg
n/frame1593.jpg
n/frame1592.jpg
n/frame1591.jpg
n/frame1590.jpg
n/frame1589.jpg
n/frame1588.jpg
n/frame1587.jpg
n/frame1586.jpg
n/frame1585.jpg
n/frame1584.jpg
n/frame1583.jpg
n/frame1582.jpg
n/frame1581.jpg
n/frame1580.jpg
n/frame1579.jpg
n/frame1578.jpg
n/frame1577.jpg
n/frame1576.jpg
n/frame1575.jpg
n/frame1574.jpg
n/frame1573.jpg
n/frame1572.jpg
n/frame1571.jpg
n/frame1570.jpg
n/frame1569.jpg
n/frame1568.jpg
n/frame1567.jpg
n/frame1566.jpg
n/frame1565.jpg
n/frame1564.jpg
n/frame1563.jpg
n/frame1562.jpg
n/frame1561.jpg
n/frame1560.jpg
n/frame1559.jpg
n/frame1558.jpg
n/frame1557.jpg
n/frame1556.jpg
n/frame1555.jpg
n/frame1554.jpg
n/frame1553.jpg
n/frame1552.jpg
n/frame1551.jpg
n/frame1550.jpg
n/frame1549.jpg
n/frame1548.jpg
n/frame1547.jpg
n/frame1546.jpg
n/frame1545.jpg
n/frame1544.jpg
n/frame1543.jpg
n/frame1542.jpg
n/frame1541.jpg
n/frame1540.jpg
n/frame1539.jpg
n/frame1538.jpg
n/frame1537.jpg
n/frame1536.jpg
n/frame1535.jpg
n/frame1534.jpg
n/frame1533.jpg
n/frame1532.jpg
n/frame1531.jpg
n/frame1530.jpg
n/frame1529.jpg
n/frame1528.jpg
n/frame1527.jpg
n/frame1526.jpg
n/frame1525.jpg
n/frame1524.jpg
n/frame1523.jpg
n/frame1522.jpg
n/frame1521.jpg
n/frame1520.jpg
n/frame1519.jpg
n/frame1518.jpg
n/frame1517.jpg
n/frame1516.jpg
n/frame1515.jpg
n/frame1514.jpg
n/frame1513.jpg
n/frame1512.jpg
n/frame1511.jpg
n/frame1510.jpg
n/frame1509.jpg
n/frame1508.jpg
n/frame1507.jpg
n/frame1506.jpg
n/frame1505.jpg
n/frame1504.jpg
n/frame1503.jpg
n/frame1502.jpg
n/frame1501.jpg
n/frame1500.jpg
n/frame1499.jpg
n/frame1498.jpg
n/frame1497.jpg
n/frame1496.jpg
n/frame1495.jpg
n/frame1494.jpg
n/frame1493.jpg
n/frame1492.jpg
n/frame1491.jpg
n/frame1490.jpg
n/frame1489.jpg
n/frame1488.jpg
n/frame1487.jpg
n/frame1486.jpg
n/frame1485.jpg
n/frame1484.jpg
n/frame1483.jpg
n/frame1482.jpg
n/frame1481.jpg
n/frame1480.jpg
n/frame1479.jpg
n/frame1478.jpg
n/frame1477.jpg
n/frame1476.jpg
n/frame1475.jpg
n/frame1474.jpg
n/frame1473.jpg
n/frame1472.jpg
n/frame1471.jpg
n/frame1470.jpg
n/frame1469.jpg
n/frame1468.jpg
n/frame1467.jpg
n/frame1466.jpg
n/frame1465.jpg
n/frame1464.jpg
n/frame1463.jpg
n/frame1462.jpg
n/frame1461.jpg
n/frame1460.jpg
n/frame1459.jpg
n/frame1458.jpg
n/frame1457.jpg
n/frame1456.jpg
n/frame1455.jpg
n/frame1454.jpg
n/frame1453.jpg
n/frame1452.jpg
n/frame1451.jpg
n/frame1450.jpg
n/frame1449.jpg
n/frame1448.jpg
n/frame1447.jpg
n/frame1446.jpg
n/frame1445.jpg
n/frame1444.jpg
n/frame1443.jpg
n/frame1442.jpg
n/frame1441.jpg
n/frame1440.jpg
n/frame1439.jpg
n/frame1438.jpg
n/frame1437.jpg
n/frame1436.jpg
n/frame1435.jpg
n/frame1434.jpg
n/frame1433.jpg
n/frame1432.jpg
n/frame1431.jpg
n/frame1430.jpg
n/frame1429.jpg
n/frame1428.jpg
n/frame1427.jpg
n/frame1426.jpg
n/frame1425.jpg
n/frame1424.jpg
n/frame1423.jpg
n/frame1422.jpg
n/frame1421.jpg
n/frame1420.jpg
n/frame1419.jpg
n/frame1418.jpg
n/frame1417.jpg
n/frame1416.jpg
n/frame1415.jpg
n/frame1414.jpg
n/frame1413.jpg
n/frame1412.jpg
n/frame1411.jpg
n/frame1410.jpg
n/frame1409.jpg
n/frame1408.jpg
n/frame1407.jpg
n/frame1406.jpg
n/frame1405.jpg
n/frame1404.jpg
n/frame1403.jpg
n/frame1402.jpg
n/frame1401.jpg
n/frame1400.jpg
n/frame1399.jpg
n/frame1398.jpg
n/frame1397.jpg
n/frame1396.jpg
n/frame1395.jpg
n/frame1394.jpg
n/frame1393.jpg
n/frame1392.jpg
n/frame1391.jpg
n/frame1390.jpg
n/frame1389.jpg
n/frame1388.jpg
n/frame1387.jpg
n/frame1386.jpg
n/frame1385.jpg
n/frame1384.jpg
n/frame1383.jpg
n/frame1382.jpg
n/frame1381.jpg
n/frame1380.jpg
n/frame1379.jpg
n/frame1378.jpg
n/frame1377.jpg
n/frame1376.jpg
n/frame1375.jpg
n/frame1374.jpg
n/frame1373.jpg
n/frame1372.jpg
n/frame1371.jpg
n/frame1370.jpg
n/frame1369.jpg
n/frame1368.jpg
n/frame1367.jpg
n/frame1366.jpg
n/frame1365.jpg
n/frame1364.jpg
n/frame1363.jpg
n/frame1362.jpg
n/frame1361.jpg
n/frame1360.jpg
n/frame1359.jpg
n/frame1358.jpg
n/frame1357.jpg
n/frame1356.jpg
n/frame1355.jpg
n/frame1354.jpg
n/frame1353.jpg
n/frame1352.jpg
n/frame1351.jpg
n/frame1350.jpg
n/frame1349.jpg
n/frame1348.jpg
n/frame1347.jpg
n/frame1346.jpg
n/frame1345.jpg
n/frame1344.jpg
n/frame1343.jpg
n/frame1342.jpg
n/frame1341.jpg
n/frame1340.jpg
n/frame1339.jpg
n/frame1338.jpg
n/frame1337.jpg
n/frame1336.jpg
n/frame1335.jpg
n/frame1334.jpg
n/frame1333.jpg
n/frame1332.jpg
n/frame1331.jpg
n/frame1330.jpg
n/frame1329.jpg
n/frame1328.jpg
n/frame1327.jpg
n/frame1326.jpg
n/frame1325.jpg
n/frame1324.jpg
n/frame1323.jpg
n/frame1322.jpg
n/frame1321.jpg
n/frame1320.jpg
n/frame1319.jpg
n/frame1318.jpg
n/frame1317.jpg
n/frame1316.jpg
n/frame1315.jpg
n/frame1314.jpg
n/frame1313.jpg
n/frame1312.jpg
n/frame1311.jpg
n/frame1310.jpg
n/frame1309.jpg
n/frame1308.jpg
n/frame1307.jpg
n/frame1306.jpg
n/frame1305.jpg
n/frame1304.jpg
n/frame1303.jpg
n/frame1302.jpg
n/frame1301.jpg
n/frame1300.jpg
n/frame1299.jpg
n/frame1298.jpg
n/frame1297.jpg
n/frame1296.jpg
n/frame1295.jpg
n/frame1294.jpg
n/frame1293.jpg
n/frame1292.jpg
n/frame1291.jpg
n/frame1290.jpg
n/frame1289.jpg
n/frame1288.jpg
n/frame1287.jpg
n/frame1286.jpg
n/frame1285.jpg
n/frame1284.jpg
n/frame1283.jpg
n/frame1282.jpg
n/frame1281.jpg
n/frame1280.jpg
n/frame1279.jpg
n/frame1278.jpg
n/frame1277.jpg
n/frame1276.jpg
n/frame1275.jpg
n/frame1274.jpg
n/frame1273.jpg
n/frame1272.jpg
n/frame1271.jpg
n/frame1270.jpg
n/frame1269.jpg
n/frame1268.jpg
n/frame1267.jpg
n/frame1266.jpg
n/frame1265.jpg
n/frame1264.jpg
n/frame1263.jpg
n/frame1262.jpg
n/frame1261.jpg
n/frame1260.jpg
n/frame1259.jpg
n/frame1258.jpg
n/frame1257.jpg
n/frame1256.jpg
n/frame1255.jpg
n/frame1254.jpg
n/frame1253.jpg
n/frame1252.jpg
n/frame1251.jpg
n/frame1250.jpg
n/frame1249.jpg
n/frame1248.jpg
n/frame1247.jpg
n/frame1246.jpg
n/frame1245.jpg
n/frame1244.jpg
n/frame1243.jpg
n/frame1242.jpg
n/frame1241.jpg
n/frame1240.jpg
n/frame1239.jpg
n/frame1238.jpg
n/frame1237.jpg
n/frame1236.jpg
n/frame1235.jpg
n/frame1234.jpg
n/frame1233.jpg
n/frame1232.jpg
n/frame1231.jpg
n/frame1230.jpg
n/frame1229.jpg
n/frame1228.jpg
n/frame1227.jpg
n/frame1226.jpg
n/frame1225.jpg
n/frame1224.jpg
n/frame1223.jpg
n/frame1222.jpg
n/frame1221.jpg
n/frame1220.jpg
n/frame1219.jpg
n/frame1218.jpg
n/frame1217.jpg
n/frame1216.jpg
n/frame1215.jpg
n/frame1214.jpg
n/frame1213.jpg
n/frame1212.jpg
n/frame1211.jpg
n/frame1210.jpg
n/frame1209.jpg
n/frame1208.jpg
n/frame1207.jpg
n/frame1206.jpg
n/frame1205.jpg
n/frame1204.jpg
n/frame1203.jpg
n/frame1202.jpg
n/frame1201.jpg
n/frame1200.jpg
n/frame1199.jpg
n/frame1198.jpg
n/frame1197.jpg
n/frame1196.jpg
n/frame1195.jpg
n/frame1194.jpg
n/frame1193.jpg
n/frame1192.jpg
n/frame1191.jpg
n/frame1190.jpg
n/frame1189.jpg
n/frame1188.jpg
n/frame1187.jpg
n/frame1186.jpg
n/frame1185.jpg
n/frame1184.jpg
n/frame1183.jpg
n/frame1182.jpg
n/frame1181.jpg
n/frame1180.jpg
n/frame1179.jpg
n/frame1178.jpg
n/frame1177.jpg
n/frame1176.jpg
n/frame1175.jpg
n/frame1174.jpg
n/frame1173.jpg
n/frame1172.jpg
n/frame1171.jpg
n/frame1170.jpg
n/frame1169.jpg
n/frame1168.jpg
n/frame1167.jpg
n/frame1166.jpg
n/frame1165.jpg
n/frame1164.jpg
n/frame1163.jpg
n/frame1162.jpg
n/frame1161.jpg
n/frame1160.jpg
n/frame1159.jpg
n/frame1158.jpg
n/frame1157.jpg
n/frame1156.jpg
n/frame1155.jpg
n/frame1154.jpg
n/frame1153.jpg
n/frame1152.jpg
n/frame1151.jpg
n/frame1150.jpg
n/frame1149.jpg
n/frame1148.jpg
n/frame1147.jpg
n/frame1146.jpg
n/frame1145.jpg
n/frame1144.jpg
n/frame1143.jpg
n/frame1142.jpg
n/frame1141.jpg
n/frame1140.jpg
n/frame1139.jpg
n/frame1138.jpg
n/frame1137.jpg
n/frame1136.jpg
n/frame1135.jpg
n/frame1134.jpg
n/frame1133.jpg
n/frame1132.jpg
n/frame1131.jpg
n/frame1130.jpg
n/frame1129.jpg
n/frame1128.jpg
n/frame1127.jpg
n/frame1126.jpg
n/frame1125.jpg
n/frame1124.jpg
n/frame1123.jpg
n/frame1122.jpg
n/frame1121.jpg
n/frame1120.jpg
n/frame1119.jpg
n/frame1118.jpg
n/frame1117.jpg
n/frame1116.jpg
n/frame1115.jpg
n/frame1114.jpg
n/frame1113.jpg
n/frame1112.jpg
n/frame1111.jpg
n/frame1110.jpg
n/frame1109.jpg
n/frame1108.jpg
n/frame1107.jpg
n/frame1106.jpg
n/frame1105.jpg
n/frame1104.jpg
n/frame1103.jpg
n/frame1102.jpg
n/frame1101.jpg
n/frame1100.jpg
n/frame1099.jpg
n/frame1098.jpg
n/frame1097.jpg
n/frame1096.jpg
n/frame1095.jpg
n/frame1094.jpg
n/frame1093.jpg
n/frame1092.jpg
n/frame1091.jpg
n/frame1090.jpg
n/frame1089.jpg
n/frame1088.jpg
n/frame1087.jpg
n/frame1086.jpg
n/frame1085.jpg
n/frame1084.jpg
n/frame1083.jpg
n/frame1082.jpg
n/frame1081.jpg
n/frame1080.jpg
n/frame1079.jpg
n/frame1078.jpg
n/frame1077.jpg
n/frame1076.jpg
n/frame1075.jpg
n/frame1074.jpg
n/frame1073.jpg
n/frame1072.jpg
n/frame1071.jpg
n/frame1070.jpg
n/frame1069.jpg
n/frame1068.jpg
n/frame1067.jpg
n/frame1066.jpg
n/frame1065.jpg
n/frame1064.jpg
n/frame1063.jpg
n/frame1062.jpg
n/frame1061.jpg
n/frame1060.jpg
n/frame1059.jpg
n/frame1058.jpg
n/frame1057.jpg
n/frame1056.jpg
n/frame1055.jpg
n/frame1054.jpg
n/frame1053.jpg
n/frame1052.jpg
n/frame1051.jpg
n/frame1050.jpg
n/frame1049.jpg
n/frame1048.jpg
n/frame1047.jpg
n/frame1046.jpg
n/frame1045.jpg
n/frame1044.jpg
n/frame1043.jpg
n/frame1042.jpg
n/frame1041.jpg
n/frame1040.jpg
n/frame1039.jpg
n/frame1038.jpg
n/frame1037.jpg
n/frame1036.jpg
n/frame1035.jpg
n/frame1034.jpg
n/frame1033.jpg
n/frame1032.jpg
n/frame1031.jpg
n/frame1030.jpg
n/frame1029.jpg
n/frame1028.jpg
n/frame1027.jpg
n/frame1026.jpg
n/frame1025.jpg
n/frame1024.jpg
n/frame1023.jpg
n/frame1022.jpg
n/frame1021.jpg
n/frame1020.jpg
n/frame1019.jpg
n/frame1018.jpg
n/frame1017.jpg
n/frame1016.jpg
n/frame1015.jpg
n/frame1014.jpg
n/frame1013.jpg
n/frame1012.jpg
n/frame1011.jpg
n/frame1010.jpg
n/frame1009.jpg
n/frame1008.jpg
n/frame1007.jpg
n/frame1006.jpg
n/frame1005.jpg
n/frame1004.jpg
n/frame1003.jpg
n/frame1002.jpg
n/frame1001.jpg
n/frame1000.jpg
n/frame999.jpg
n/frame998.jpg
n/frame997.jpg
n/frame996.jpg
n/frame995.jpg
n/frame994.jpg
n/frame993.jpg
n/frame992.jpg
n/frame991.jpg
n/frame990.jpg
n/frame989.jpg
n/frame988.jpg
n/frame987.jpg
n/frame986.jpg
n/frame985.jpg
n/frame984.jpg
n/frame983.jpg
n/frame982.jpg
n/frame981.jpg
n/frame980.jpg
n/frame979.jpg
n/frame978.jpg
n/frame977.jpg
n/frame976.jpg
n/frame975.jpg
n/frame974.jpg
n/frame973.jpg
n/frame972.jpg
n/frame971.jpg
n/frame970.jpg
n/frame969.jpg
n/frame968.jpg
n/frame967.jpg
n/frame966.jpg
n/frame965.jpg
n/frame964.jpg
n/frame963.jpg
n/frame962.jpg
n/frame961.jpg
n/frame960.jpg
n/frame959.jpg
n/frame958.jpg
n/frame957.jpg
n/frame956.jpg
n/frame955.jpg
n/frame954.jpg
n/frame953.jpg
n/frame952.jpg
n/frame951.jpg
n/frame950.jpg
n/frame949.jpg
n/frame948.jpg
n/frame947.jpg
n/frame946.jpg
n/frame945.jpg
n/frame944.jpg
n/frame943.jpg
n/frame942.jpg
n/frame941.jpg
n/frame940.jpg
n/frame939.jpg
n/frame938.jpg
n/frame937.jpg
n/frame936.jpg
n/frame935.jpg
n/frame934.jpg
n/frame933.jpg
n/frame932.jpg
n/frame931.jpg
n/frame930.jpg
n/frame929.jpg
n/frame928.jpg
n/frame927.jpg
n/frame926.jpg
n/frame925.jpg
n/frame924.jpg
n/frame923.jpg
n/frame922.jpg
n/frame921.jpg
n/frame920.jpg
n/frame919.jpg
n/frame918.jpg
n/frame917.jpg
n/frame916.jpg
n/frame915.jpg
n/frame914.jpg
n/frame913.jpg
n/frame912.jpg
n/frame911.jpg
n/frame910.jpg
n/frame909.jpg
n/frame908.jpg
n/frame907.jpg
n/frame906.jpg
n/frame905.jpg
n/frame904.jpg
n/frame903.jpg
n/frame902.jpg
n/frame901.jpg
n/frame900.jpg
n/frame899.jpg
n/frame898.jpg
n/frame897.jpg
n/frame896.jpg
n/frame895.jpg
n/frame894.jpg
n/frame893.jpg
n/frame892.jpg
n/frame891.jpg
n/frame890.jpg
n/frame889.jpg
n/frame888.jpg
n/frame887.jpg
n/frame886.jpg
n/frame885.jpg
n/frame884.jpg
n/frame883.jpg
n/frame882.jpg
n/frame881.jpg
n/frame880.jpg
n/frame879.jpg
n/frame878.jpg
n/frame877.jpg
n/frame876.jpg
n/frame875.jpg
n/frame874.jpg
n/frame873.jpg
n/frame872.jpg
n/frame871.jpg
n/frame870.jpg
n/frame869.jpg
n/frame868.jpg
n/frame867.jpg
n/frame866.jpg
n/frame865.jpg
n/frame864.jpg
n/frame863.jpg
n/frame862.jpg
n/frame861.jpg
n/frame860.jpg
n/frame859.jpg
n/frame858.jpg
n/frame857.jpg
n/frame856.jpg
n/frame855.jpg
n/frame854.jpg
n/frame853.jpg
n/frame852.jpg
n/frame851.jpg
n/frame850.jpg
n/frame849.jpg
n/frame848.jpg
n/frame847.jpg
n/frame846.jpg
n/frame845.jpg
n/frame844.jpg
n/frame843.jpg
n/frame842.jpg
n/frame841.jpg
n/frame840.jpg
n/frame839.jpg
n/frame838.jpg
n/frame837.jpg
n/frame836.jpg
n/frame835.jpg
n/frame834.jpg
n/frame833.jpg
n/frame832.jpg
n/frame831.jpg
n/frame830.jpg
n/frame829.jpg
n/frame828.jpg
n/frame827.jpg
n/frame826.jpg
n/frame825.jpg
n/frame824.jpg
n/frame823.jpg
n/frame822.jpg
n/frame821.jpg
n/frame820.jpg
n/frame819.jpg
n/frame818.jpg
n/frame817.jpg
n/frame816.jpg
n/frame815.jpg
n/frame814.jpg
n/frame813.jpg
n/frame812.jpg
n/frame811.jpg
n/frame810.jpg
n/frame809.jpg
n/frame808.jpg
n/frame807.jpg
n/frame806.jpg
n/frame805.jpg
n/frame804.jpg
n/frame803.jpg
n/frame802.jpg
n/frame801.jpg
n/frame800.jpg
n/frame799.jpg
n/frame798.jpg
n/frame797.jpg
n/frame796.jpg
n/frame795.jpg
n/frame794.jpg
n/frame793.jpg
n/frame792.jpg
n/frame791.jpg
n/frame790.jpg
n/frame789.jpg
n/frame788.jpg
n/frame787.jpg
n/frame786.jpg
n/frame785.jpg
n/frame784.jpg
n/frame783.jpg
n/frame782.jpg
n/frame781.jpg
n/frame780.jpg
n/frame779.jpg
n/frame778.jpg
n/frame777.jpg
n/frame776.jpg
n/frame775.jpg
n/frame774.jpg
n/frame773.jpg
n/frame772.jpg
n/frame771.jpg
n/frame770.jpg
n/frame769.jpg
n/frame768.jpg
n/frame767.jpg
n/frame766.jpg
n/frame765.jpg
n/frame764.jpg
n/frame763.jpg
n/frame762.jpg
n/frame761.jpg
n/frame760.jpg
n/frame759.jpg
n/frame758.jpg
n/frame757.jpg
n/frame756.jpg
n/frame755.jpg
n/frame754.jpg
n/frame753.jpg
n/frame752.jpg
n/frame751.jpg
n/frame750.jpg
n/frame749.jpg
n/frame748.jpg
n/frame747.jpg
n/frame746.jpg
n/frame745.jpg
n/frame744.jpg
n/frame743.jpg
n/frame742.jpg
n/frame741.jpg
n/frame740.jpg
n/frame739.jpg
n/frame738.jpg
n/frame737.jpg
n/frame736.jpg
n/frame735.jpg
n/frame734.jpg
n/frame733.jpg
n/frame732.jpg
n/frame731.jpg
n/frame730.jpg
n/frame729.jpg
n/frame728.jpg
n/frame727.jpg
n/frame726.jpg
n/frame725.jpg
n/frame724.jpg
n/frame723.jpg
n/frame722.jpg
n/frame721.jpg
n/frame720.jpg
n/frame719.jpg
n/frame718.jpg
n/frame717.jpg
n/frame716.jpg
n/frame715.jpg
n/frame714.jpg
n/frame713.jpg
n/frame712.jpg
n/frame711.jpg
n/frame710.jpg
n/frame709.jpg
n/frame708.jpg
n/frame707.jpg
n/frame706.jpg
n/frame705.jpg
n/frame704.jpg
n/frame703.jpg
n/frame702.jpg
n/frame701.jpg
n/frame700.jpg
n/frame699.jpg
n/frame698.jpg
n/frame697.jpg
n/frame696.jpg
n/frame695.jpg
n/frame694.jpg
n/frame693.jpg
n/frame692.jpg
n/frame691.jpg
n/frame690.jpg
n/frame689.jpg
n/frame688.jpg
n/frame687.jpg
n/frame686.jpg
n/frame685.jpg
n/frame684.jpg
n/frame683.jpg
n/frame682.jpg
n/frame681.jpg
n/frame680.jpg
n/frame679.jpg
n/frame678.jpg
n/frame677.jpg
n/frame676.jpg
n/frame675.jpg
n/frame674.jpg
n/frame673.jpg
n/frame672.jpg
n/frame671.jpg
n/frame670.jpg
n/frame669.jpg
n/frame668.jpg
n/frame667.jpg
n/frame666.jpg
n/frame665.jpg
n/frame664.jpg
n/frame663.jpg
n/frame662.jpg
n/frame661.jpg
n/frame660.jpg
n/frame659.jpg
n/frame658.jpg
n/frame657.jpg
n/frame656.jpg
n/frame655.jpg
n/frame654.jpg
n/frame653.jpg
n/frame652.jpg
n/frame651.jpg
n/frame650.jpg
n/frame649.jpg
n/frame648.jpg
n/frame647.jpg
n/frame646.jpg
n/frame645.jpg
n/frame644.jpg
n/frame643.jpg
n/frame642.jpg
n/frame641.jpg
n/frame640.jpg
n/frame639.jpg
n/frame638.jpg
n/frame637.jpg
n/frame636.jpg
n/frame635.jpg
n/frame634.jpg
n/frame633.jpg
n/frame632.jpg
n/frame631.jpg
n/frame630.jpg
n/frame629.jpg
n/frame628.jpg
n/frame627.jpg
n/frame626.jpg
n/frame625.jpg
n/frame624.jpg
n/frame623.jpg
n/frame622.jpg
n/frame621.jpg
n/frame620.jpg
n/frame619.jpg
n/frame618.jpg
n/frame617.jpg
n/frame616.jpg
n/frame615.jpg
n/frame614.jpg
n/frame613.jpg
n/frame612.jpg
n/frame611.jpg
n/frame610.jpg
n/frame609.jpg
n/frame608.jpg
n/frame607.jpg
n/frame606.jpg
n/frame605.jpg
n/frame604.jpg
n/frame603.jpg
n/frame602.jpg
n/frame601.jpg
n/frame600.jpg
n/frame599.jpg
n/frame598.jpg
n/frame597.jpg
n/frame596.jpg
n/frame595.jpg
n/frame594.jpg
n/frame593.jpg
n/frame592.jpg
n/frame591.jpg
n/frame590.jpg
n/frame589.jpg
n/frame588.jpg
n/frame587.jpg
n/frame586.jpg
n/frame585.jpg
n/frame584.jpg
n/frame583.jpg
n/frame582.jpg
n/frame581.jpg
n/frame580.jpg
n/frame579.jpg
n/frame578.jpg
n/frame577.jpg
n/frame576.jpg
n/frame575.jpg
n/frame574.jpg
n/frame573.jpg
n/frame572.jpg
n/frame571.jpg
n/frame570.jpg
n/frame569.jpg
n/frame568.jpg
n/frame567.jpg
n/frame566.jpg
n/frame565.jpg
n/frame564.jpg
n/frame563.jpg
n/frame562.jpg
n/frame561.jpg
n/frame560.jpg
n/frame559.jpg
n/frame558.jpg
n/frame557.jpg
n/frame556.jpg
n/frame555.jpg
n/frame554.jpg
n/frame553.jpg
n/frame552.jpg
n/frame551.jpg
n/frame550.jpg
n/frame549.jpg
n/frame548.jpg
n/frame547.jpg
n/frame546.jpg
n/frame545.jpg
n/frame544.jpg
n/frame543.jpg
n/frame542.jpg
n/frame541.jpg
n/frame540.jpg
n/frame539.jpg
n/frame538.jpg
n/frame537.jpg
n/frame536.jpg
n/frame535.jpg
n/frame534.jpg
n/frame533.jpg
n/frame532.jpg
n/frame531.jpg
n/frame530.jpg
n/frame529.jpg
n/frame528.jpg
n/frame527.jpg
n/frame526.jpg
n/frame525.jpg
n/frame524.jpg
n/frame523.jpg
n/frame522.jpg
n/frame521.jpg
n/frame520.jpg
n/frame519.jpg
n/frame518.jpg
n/frame517.jpg
n/frame516.jpg
n/frame515.jpg
n/frame514.jpg
n/frame513.jpg
n/frame512.jpg
n/frame511.jpg
n/frame510.jpg
n/frame509.jpg
n/frame508.jpg
n/frame507.jpg
n/frame506.jpg
n/frame505.jpg
n/frame504.jpg
n/frame503.jpg
n/frame502.jpg
n/frame501.jpg
n/frame500.jpg
n/frame499.jpg
n/frame498.jpg
n/frame497.jpg
n/frame496.jpg
n/frame495.jpg
n/frame494.jpg
n/frame493.jpg
n/frame492.jpg
n/frame491.jpg
n/frame490.jpg
n/frame489.jpg
n/frame488.jpg
n/frame487.jpg
n/frame486.jpg
n/frame485.jpg
n/frame484.jpg
n/frame483.jpg
n/frame482.jpg
n/frame481.jpg
n/frame480.jpg
n/frame479.jpg
n/frame478.jpg
n/frame477.jpg
n/frame476.jpg
n/frame475.jpg
n/frame474.jpg
n/frame473.jpg
n/frame472.jpg
n/frame471.jpg
n/frame470.jpg
n/frame469.jpg
n/frame468.jpg
n/frame467.jpg
n/frame466.jpg
n/frame465.jpg
n/frame464.jpg
n/frame463.jpg
n/frame462.jpg
n/frame461.jpg
n/frame460.jpg
n/frame459.jpg
n/frame458.jpg
n/frame457.jpg
n/frame456.jpg
n/frame455.jpg
n/frame454.jpg
n/frame453.jpg
n/frame452.jpg
n/frame451.jpg
n/frame450.jpg
n/frame449.jpg
n/frame448.jpg
n/frame447.jpg
n/frame446.jpg
n/frame445.jpg
n/frame444.jpg
n/frame443.jpg
n/frame442.jpg
n/frame441.jpg
n/frame440.jpg
n/frame439.jpg
n/frame438.jpg
n/frame437.jpg
n/frame436.jpg
n/frame435.jpg
n/frame434.jpg
n/frame433.jpg
n/frame432.jpg
n/frame431.jpg
n/frame430.jpg
n/frame429.jpg
n/frame428.jpg
n/frame427.jpg
n/frame426.jpg
n/frame425.jpg
n/frame424.jpg
n/frame423.jpg
n/frame422.jpg
n/frame421.jpg
n/frame420.jpg
n/frame419.jpg
n/frame418.jpg
n/frame417.jpg
n/frame416.jpg
n/frame415.jpg
n/frame414.jpg
n/frame413.jpg
n/frame412.jpg
n/frame411.jpg
n/frame410.jpg
n/frame409.jpg
n/frame408.jpg
n/frame407.jpg
n/frame406.jpg
n/frame405.jpg
n/frame404.jpg
n/frame403.jpg
n/frame402.jpg
n/frame401.jpg
n/frame400.jpg
n/frame399.jpg
n/frame398.jpg
n/frame397.jpg
n/frame396.jpg
n/frame395.jpg
n/frame394.jpg
n/frame393.jpg
n/frame392.jpg
n/frame391.jpg
n/frame390.jpg
n/frame389.jpg
n/frame388.jpg
n/frame387.jpg
n/frame386.jpg
n/frame385.jpg
n/frame384.jpg
n/frame383.jpg
n/frame382.jpg
n/frame381.jpg
n/frame380.jpg
n/frame379.jpg
n/frame378.jpg
n/frame377.jpg
n/frame376.jpg
n/frame375.jpg
n/frame374.jpg
n/frame373.jpg
n/frame372.jpg
n/frame371.jpg
n/frame370.jpg
n/frame369.jpg
n/frame368.jpg
n/frame367.jpg
n/frame366.jpg
n/frame365.jpg
n/frame364.jpg
n/frame363.jpg
n/frame362.jpg
n/frame361.jpg
n/frame360.jpg
n/frame359.jpg
n/frame358.jpg
n/frame357.jpg
n/frame356.jpg
n/frame355.jpg
n/frame354.jpg
n/frame353.jpg
n/frame352.jpg
n/frame351.jpg
n/frame350.jpg
n/frame349.jpg
n/frame348.jpg
n/frame347.jpg
n/frame346.jpg
n/frame345.jpg
n/frame344.jpg
n/frame343.jpg
n/frame342.jpg
n/frame341.jpg
n/frame340.jpg
n/frame339.jpg
n/frame338.jpg
n/frame337.jpg
n/frame336.jpg
n/frame335.jpg
n/frame334.jpg
n/frame333.jpg
n/frame332.jpg
n/frame331.jpg
n/frame330.jpg
n/frame329.jpg
n/frame328.jpg
n/frame327.jpg
n/frame326.jpg
n/frame325.jpg
n/frame324.jpg
n/frame323.jpg
n/frame322.jpg
n/frame321.jpg
n/frame320.jpg
n/frame319.jpg
n/frame318.jpg
n/frame317.jpg
n/frame316.jpg
n/frame315.jpg
n/frame314.jpg
n/frame313.jpg
n/frame312.jpg
n/frame311.jpg
n/frame310.jpg
n/frame309.jpg
n/frame308.jpg
n/frame307.jpg
n/frame306.jpg
n/frame305.jpg
n/frame304.jpg
n/frame303.jpg
n/frame302.jpg
n/frame301.jpg
n/frame300.jpg
n/frame299.jpg
n/frame298.jpg
n/frame297.jpg
n/frame296.jpg
n/frame295.jpg
n/frame294.jpg
n/frame293.jpg
n/frame292.jpg
n/frame291.jpg
n/frame290.jpg
n/frame289.jpg
n/frame288.jpg
n/frame287.jpg
n/frame286.jpg
n/frame285.jpg
n/frame284.jpg
n/frame283.jpg
n/frame282.jpg
n/frame281.jpg
n/frame280.jpg
n/frame279.jpg
n/frame278.jpg
n/frame277.jpg
n/frame276.jpg
n/frame275.jpg
n/frame274.jpg
n/frame273.jpg
n/frame272.jpg
n/frame271.jpg
n/frame270.jpg
n/frame269.jpg
n/frame268.jpg
n/frame267.jpg
n/frame266.jpg
n/frame265.jpg
n/frame264.jpg
n/frame263.jpg
n/frame262.jpg
n/frame261.jpg
n/frame260.jpg
n/frame259.jpg
n/frame258.jpg
n/frame257.jpg
n/frame256.jpg
n/frame255.jpg
n/frame254.jpg
n/frame253.jpg
n/frame252.jpg
n/frame251.jpg
n/frame250.jpg
n/frame249.jpg
n/frame248.jpg
n/frame247.jpg
n/frame246.jpg
n/frame245.jpg
n/frame244.jpg
n/frame243.jpg
n/frame242.jpg
n/frame241.jpg
n/frame240.jpg
n/frame239.jpg
n/frame238.jpg
n/frame237.jpg
n/frame236.jpg
n/frame235.jpg
n/frame234.jpg
n/frame233.jpg
n/frame232.jpg
n/frame231.jpg
n/frame230.jpg
n/frame229.jpg
n/frame228.jpg
n/frame227.jpg
n/frame226.jpg
n/frame225.jpg
n/frame224.jpg
n/frame223.jpg
n/frame222.jpg
n/frame221.jpg
n/frame220.jpg
n/frame219.jpg
n/frame218.jpg
n/frame217.jpg
n/frame216.jpg
n/frame215.jpg
n/frame214.jpg
n/frame213.jpg
n/frame212.jpg
n/frame211.jpg
n/frame210.jpg
n/frame209.jpg
n/frame208.jpg
n/frame207.jpg
n/frame206.jpg
n/frame205.jpg
n/frame204.jpg
n/frame203.jpg
n/frame202.jpg
n/frame201.jpg
n/frame200.jpg
n/frame199.jpg
n/frame198.jpg
n/frame197.jpg
n/frame196.jpg
n/frame195.jpg
n/frame194.jpg
n/frame193.jpg
n/frame192.jpg
n/frame191.jpg
n/frame190.jpg
n/frame189.jpg
n/frame188.jpg
n/frame187.jpg
n/frame186.jpg
n/frame185.jpg
n/frame184.jpg
n/frame183.jpg
n/frame182.jpg
n/frame181.jpg
n/frame180.jpg
n/frame179.jpg
n/frame178.jpg
n/frame177.jpg
n/frame176.jpg
n/frame175.jpg
n/frame174.jpg
n/frame173.jpg
n/frame172.jpg
n/frame171.jpg
n/frame170.jpg
n/frame169.jpg
n/frame168.jpg
n/frame167.jpg
n/frame166.jpg
n/frame165.jpg
n/frame164.jpg
n/frame163.jpg
n/frame162.jpg
n/frame161.jpg
n/frame160.jpg
n/frame159.jpg
n/frame158.jpg
n/frame157.jpg
n/frame156.jpg
n/frame155.jpg
n/frame154.jpg
n/frame153.jpg
n/frame152.jpg
n/frame151.jpg
n/frame150.jpg
n/frame149.jpg
n/frame148.jpg
n/frame147.jpg
n/frame146.jpg
n/frame145.jpg
n/frame144.jpg
n/frame143.jpg
n/frame142.jpg
n/frame141.jpg
n/frame140.jpg
n/frame139.jpg
n/frame138.jpg
n/frame137.jpg
n/frame136.jpg
n/frame135.jpg
n/frame134.jpg
n/frame133.jpg
n/frame132.jpg
n/frame131.jpg
n/frame130.jpg
n/frame129.jpg
n/frame128.jpg
n/frame127.jpg
n/frame126.jpg
n/frame125.jpg
n/frame124.jpg
n/frame123.jpg
n/frame122.jpg
n/frame121.jpg
n/frame120.jpg
n/frame119.jpg
n/frame118.jpg
n/frame117.jpg
n/frame116.jpg
n/frame115.jpg
n/frame114.jpg
n/frame113.jpg
n/frame112.jpg
n/frame111.jpg
n/frame110.jpg
n/frame109.jpg
n/frame108.jpg
n/frame107.jpg
n/frame106.jpg
n/frame105.jpg
n/frame104.jpg
n/frame103.jpg
n/frame102.jpg
n/frame101.jpg
n/frame100.jpg
n/frame99.jpg
n/frame98.jpg
n/frame97.jpg
n/frame96.jpg
n/frame95.jpg
n/frame94.jpg
n/frame93.jpg
n/frame92.jpg
n/frame91.jpg
n/frame13.jpg
n/frame12.jpg
n/frame11.jpg
n/frame10.jpg
n/frame9.jpg
n/frame8.jpg
n/frame7.jpg
n/frame6.jpg
n/frame5.jpg
n/frame4.jpg
n/frame3.jpg
n/frame2.jpg
n/frame1.jpg
n/frame0.jpg