n/13.jpg
n/14.jpg
n/15.jpg
n/2.jpg
n/3.jpg
n/4.jpg
n/5.jpg
n/6.jpg
n/7.jpg
n/8.jpg
n/9.jpg
n/1.jpg
n/10.jpg
n/11.jpg
n/12.jpg
n/frame5794.jpg
n/frame5793.jpg
n/frame5792.jpg
n/frame5791.jpg
n/frame5790.jpg
n/frame5779.jpg
n/frame5778.jpg
n/frame5777.jpg
n/frame5776.jpg
n/frame5775.jpg
n/frame5764.jpg
n/frame5763.jpg
n/frame5762.jpg
n/frame5761.jpg
n/frame5760.jpg
n/frame5749.jpg
n/frame5748.jpg
n/frame5747.jpg
n/frame5746.jpg
n/frame5745.jpg
n/frame5734.jpg
n/frame5733.jpg
n/frame5732.jpg
n/frame5731.jpg
n/frame5730.jpg
n/frame5719.jpg
n/frame5718.jpg
n/frame5717.jpg
n/frame5716.jpg
n/frame5715.jpg
n/frame5704.jpg
n/frame5703.jpg
n/frame5702.jpg
n/frame5701.jpg
n/frame5700.jpg
n/frame5689.jpg
n/frame5688.jpg
n/frame5687.jpg
n/frame5686.jpg
n/frame5685.jpg
n/frame5674.jpg
n/frame5673.jpg
n/frame5672.jpg
n/frame5671.jpg
n/frame5670.jpg
n/frame5659.jpg
n/frame5658.jpg
n/frame5657.jpg
n/frame5656.jpg
n/frame5655.jpg
n/frame5644.jpg
n/frame5643.jpg
n/frame5642.jpg
n/frame5641.jpg
n/frame5640.jpg
n/frame5629.jpg
n/frame5628.jpg
n/frame5627.jpg
n/frame5626.jpg
n/frame5625.jpg
n/frame5614.jpg
n/frame5613.jpg
n/frame5612.jpg
n/frame5611.jpg
n/frame5610.jpg
n/frame5599.jpg
n/frame5598.jpg
n/frame5597.jpg
n/frame5596.jpg
n/frame5595.jpg
n/frame5584.jpg
n/frame5583.jpg
n/frame5582.jpg
n/frame5581.jpg
n/frame5580.jpg
n/frame5569.jpg
n/frame5568.jpg
n/frame5567.jpg
n/frame5566.jpg
n/frame5565.jpg
n/frame5554.jpg
n/frame5553.jpg
n/frame5552.jpg
n/frame5551.jpg
n/frame5550.jpg
n/frame5539.jpg
n/frame5538.jpg
n/frame5537.jpg
n/frame5536.jpg
n/frame5535.jpg
n/frame5524.jpg
n/frame5523.jpg
n/frame5522.jpg
n/frame5521.jpg
n/frame5520.jpg
n/frame5509.jpg
n/frame5508.jpg
n/frame5507.jpg
n/frame5506.jpg
n/frame5505.jpg
n/frame5494.jpg
n/frame5493.jpg
n/frame5492.jpg
n/frame5491.jpg
n/frame5490.jpg
n/frame5479.jpg
n/frame5478.jpg
n/frame5477.jpg
n/frame5476.jpg
n/frame5475.jpg
n/frame5464.jpg
n/frame5463.jpg
n/frame5462.jpg
n/frame5461.jpg
n/frame5460.jpg
n/frame5449.jpg
n/frame5448.jpg
n/frame5447.jpg
n/frame5446.jpg
n/frame5445.jpg
n/frame5434.jpg
n/frame5433.jpg
n/frame5432.jpg
n/frame5431.jpg
n/frame5430.jpg
n/frame5419.jpg
n/frame5418.jpg
n/frame5417.jpg
n/frame5416.jpg
n/frame5415.jpg
n/frame5404.jpg
n/frame5403.jpg
n/frame5402.jpg
n/frame5401.jpg
n/frame5400.jpg
n/frame5389.jpg
n/frame5388.jpg
n/frame5387.jpg
n/frame5386.jpg
n/frame5385.jpg
n/frame5374.jpg
n/frame5373.jpg
n/frame5372.jpg
n/frame5371.jpg
n/frame5370.jpg
n/frame5359.jpg
n/frame5358.jpg
n/frame5357.jpg
n/frame5356.jpg
n/frame5355.jpg
n/frame5344.jpg
n/frame5343.jpg
n/frame5342.jpg
n/frame5341.jpg
n/frame5340.jpg
n/frame5329.jpg
n/frame5328.jpg
n/frame5327.jpg
n/frame5326.jpg
n/frame5325.jpg
n/frame5314.jpg
n/frame5313.jpg
n/frame5312.jpg
n/frame5311.jpg
n/frame5310.jpg
n/frame5299.jpg
n/frame5298.jpg
n/frame5297.jpg
n/frame5296.jpg
n/frame5295.jpg
n/frame5284.jpg
n/frame5283.jpg
n/frame5282.jpg
n/frame5281.jpg
n/frame5280.jpg
n/frame5269.jpg
n/frame5268.jpg
n/frame5267.jpg
n/frame5266.jpg
n/frame5265.jpg
n/frame5254.jpg
n/frame5253.jpg
n/frame5252.jpg
n/frame5251.jpg
n/frame5250.jpg
n/frame5239.jpg
n/frame5238.jpg
n/frame5237.jpg
n/frame5236.jpg
n/frame5235.jpg
n/frame5224.jpg
n/frame5223.jpg
n/frame5222.jpg
n/frame5221.jpg
n/frame5220.jpg
n/frame5209.jpg
n/frame5208.jpg
n/frame5207.jpg
n/frame5206.jpg
n/frame5205.jpg
n/frame5194.jpg
n/frame5193.jpg
n/frame5192.jpg
n/frame5191.jpg
n/frame5190.jpg
n/frame5179.jpg
n/frame5178.jpg
n/frame5177.jpg
n/frame5176.jpg
n/frame5175.jpg
n/frame5164.jpg
n/frame5163.jpg
n/frame5162.jpg
n/frame5161.jpg
n/frame5160.jpg
n/frame5149.jpg
n/frame5148.jpg
n/frame5147.jpg
n/frame5146.jpg
n/frame5145.jpg
n/frame5134.jpg
n/frame5133.jpg
n/frame5132.jpg
n/frame5131.jpg
n/frame5130.jpg
n/frame5119.jpg
n/frame5118.jpg
n/frame5117.jpg
n/frame5116.jpg
n/frame5115.jpg
n/frame5104.jpg
n/frame5103.jpg
n/frame5102.jpg
n/frame5101.jpg
n/frame5100.jpg
n/frame5089.jpg
n/frame5088.jpg
n/frame5087.jpg
n/frame5086.jpg
n/frame5085.jpg
n/frame5074.jpg
n/frame5073.jpg
n/frame5072.jpg
n/frame5071.jpg
n/frame5070.jpg
n/frame5059.jpg
n/frame5058.jpg
n/frame5057.jpg
n/frame5056.jpg
n/frame5055.jpg
n/frame5044.jpg
n/frame5043.jpg
n/frame5042.jpg
n/frame5041.jpg
n/frame5040.jpg
n/frame5029.jpg
n/frame5028.jpg
n/frame5027.jpg
n/frame5026.jpg
n/frame5025.jpg
n/frame5014.jpg
n/frame5013.jpg
n/frame5012.jpg
n/frame5011.jpg
n/frame5010.jpg
n/frame4999.jpg
n/frame4998.jpg
n/frame4997.jpg
n/frame4996.jpg
n/frame4995.jpg
n/frame4984.jpg
n/frame4983.jpg
n/frame4982.jpg
n/frame4981.jpg
n/frame4980.jpg
n/frame4969.jpg
n/frame4968.jpg
n/frame4967.jpg
n/frame4966.jpg
n/frame4965.jpg
n/frame4954.jpg
n/frame4953.jpg
n/frame4952.jpg
n/frame4951.jpg
n/frame4950.jpg
n/frame4939.jpg
n/frame4938.jpg
n/frame4937.jpg
n/frame4936.jpg
n/frame4935.jpg
n/frame4924.jpg
n/frame4923.jpg
n/frame4922.jpg
n/frame4921.jpg
n/frame4920.jpg
n/frame4909.jpg
n/frame4908.jpg
n/frame4907.jpg
n/frame4906.jpg
n/frame4905.jpg
n/frame4894.jpg
n/frame4893.jpg
n/frame4892.jpg
n/frame4891.jpg
n/frame4890.jpg
n/frame4879.jpg
n/frame4878.jpg
n/frame4877.jpg
n/frame4876.jpg
n/frame4875.jpg
n/frame4864.jpg
n/frame4863.jpg
n/frame4862.jpg
n/frame4861.jpg
n/frame4860.jpg
n/frame4849.jpg
n/frame4848.jpg
n/frame4847.jpg
n/frame4846.jpg
n/frame4845.jpg
n/frame4834.jpg
n/frame4833.jpg
n/frame4832.jpg
n/frame4831.jpg
n/frame4830.jpg
n/frame4819.jpg
n/frame4818.jpg
n/frame4817.jpg
n/frame4816.jpg
n/frame4815.jpg
n/frame4804.jpg
n/frame4803.jpg
n/frame4802.jpg
n/frame4801.jpg
n/frame4800.jpg
n/frame4789.jpg
n/frame4788.jpg
n/frame4787.jpg
n/frame4786.jpg
n/frame4785.jpg
n/frame4774.jpg
n/frame4773.jpg
n/frame4772.jpg
n/frame4771.jpg
n/frame4770.jpg
n/frame4759.jpg
n/frame4758.jpg
n/frame4757.jpg
n/frame4756.jpg
n/frame4755.jpg
n/frame4744.jpg
n/frame4743.jpg
n/frame4742.jpg
n/frame4741.jpg
n/frame4740.jpg
n/frame4729.jpg
n/frame4728.jpg
n/frame4727.jpg
n/frame4726.jpg
n/frame4725.jpg
n/frame4714.jpg
n/frame4713.jpg
n/frame4712.jpg
n/frame4711.jpg
n/frame4710.jpg
n/frame4699.jpg
n/frame4698.jpg
n/frame4697.jpg
n/frame4696.jpg
n/frame4695.jpg
n/frame4684.jpg
n/frame4683.jpg
n/frame4682.jpg
n/frame4681.jpg
n/frame4680.jpg
n/frame4669.jpg
n/frame4668.jpg
n/frame4667.jpg
n/frame4666.jpg
n/frame4665.jpg
n/frame4654.jpg
n/frame4653.jpg
n/frame4652.jpg
n/frame4651.jpg
n/frame4650.jpg
n/frame4639.jpg
n/frame4638.jpg
n/frame4637.jpg
n/frame4636.jpg
n/frame4635.jpg
n/frame4624.jpg
n/frame4623.jpg
n/frame4622.jpg
n/frame4621.jpg
n/frame4620.jpg
n/frame4609.jpg
n/frame4608.jpg
n/frame4607.jpg
n/frame4606.jpg
n/frame4605.jpg
n/frame4594.jpg
n/frame4593.jpg
n/frame4592.jpg
n/frame4591.jpg
n/frame4590.jpg
n/frame4579.jpg
n/frame4578.jpg
n/frame4577.jpg
n/frame4576.jpg
n/frame4575.jpg
n/frame4564.jpg
n/frame4563.jpg
n/frame4562.jpg
n/frame4561.jpg
n/frame4560.jpg
n/frame4549.jpg
n/frame4548.jpg
n/frame4547.jpg
n/frame4546.jpg
n/frame4545.jpg
n/frame4534.jpg
n/frame4533.jpg
n/frame4532.jpg
n/frame4531.jpg
n/frame4530.jpg
n/frame4519.jpg
n/frame4518.jpg
n/frame4517.jpg
n/frame4516.jpg
n/frame4515.jpg
n/frame4504.jpg
n/frame4503.jpg
n/frame4502.jpg
n/frame4501.jpg
n/frame4500.jpg
n/frame4489.jpg
n/frame4488.jpg
n/frame4487.jpg
n/frame4486.jpg
n/frame4485.jpg
n/frame4474.jpg
n/frame4473.jpg
n/frame4472.jpg
n/frame4471.jpg
n/frame4470.jpg
n/frame4459.jpg
n/frame4458.jpg
n/frame4457.jpg
n/frame4456.jpg
n/frame4455.jpg
n/frame4444.jpg
n/frame4443.jpg
n/frame4442.jpg
n/frame4441.jpg
n/frame4440.jpg
n/frame4429.jpg
n/frame4428.jpg
n/frame4427.jpg
n/frame4426.jpg
n/frame4425.jpg
n/frame4414.jpg
n/frame4413.jpg
n/frame4412.jpg
n/frame4411.jpg
n/frame4410.jpg
n/frame4399.jpg
n/frame4398.jpg
n/frame4397.jpg
n/frame4396.jpg
n/frame4395.jpg
n/frame4384.jpg
n/frame4383.jpg
n/frame4382.jpg
n/frame4381.jpg
n/frame4380.jpg
n/frame4369.jpg
n/frame4368.jpg
n/frame4367.jpg
n/frame4366.jpg
n/frame4365.jpg
n/frame4354.jpg
n/frame4353.jpg
n/frame4352.jpg
n/frame4351.jpg
n/frame4350.jpg
n/frame4339.jpg
n/frame4338.jpg
n/frame4337.jpg
n/frame4336.jpg
n/frame4335.jpg
n/frame4324.jpg
n/frame4323.jpg
n/frame4322.jpg
n/frame4321.jpg
n/frame4320.jpg
n/frame4309.jpg
n/frame4308.jpg
n/frame4307.jpg
n/frame4306.jpg
n/frame4305.jpg
n/frame4294.jpg
n/frame4293.jpg
n/frame4292.jpg
n/frame4291.jpg
n/frame4290.jpg
n/frame4279.jpg
n/frame4278.jpg
n/frame4277.jpg
n/frame4276.jpg
n/frame4275.jpg
n/frame4264.jpg
n/frame4263.jpg
n/frame4262.jpg
n/frame4261.jpg
n/frame4260.jpg
n/frame4249.jpg
n/frame4248.jpg
n/frame4247.jpg
n/frame4246.jpg
n/frame4245.jpg
n/frame4234.jpg
n/frame4233.jpg
n/frame4232.jpg
n/frame4231.jpg
n/frame4230.jpg
n/frame4219.jpg
n/frame4218.jpg
n/frame4217.jpg
n/frame4216.jpg
n/frame4215.jpg
n/frame4204.jpg
n/frame4203.jpg
n/frame4202.jpg
n/frame4201.jpg
n/frame4200.jpg
n/frame4189.jpg
n/frame4188.jpg
n/frame4187.jpg
n/frame4186.jpg
n/frame4185.jpg
n/frame4174.jpg
n/frame4173.jpg
n/frame4172.jpg
n/frame4171.jpg
n/frame4170.jpg
n/frame4159.jpg
n/frame4158.jpg
n/frame4157.jpg
n/frame4156.jpg
n/frame4155.jpg
n/frame4144.jpg
n/frame4143.jpg
n/frame4142.jpg
n/frame4141.jpg
n/frame4140.jpg
n/frame4129.jpg
n/frame4128.jpg
n/frame4127.jpg
n/frame4126.jpg
n/frame4125.jpg
n/frame4114.jpg
n/frame4113.jpg
n/frame4112.jpg
n/frame4111.jpg
n/frame4110.jpg
n/frame4099.jpg
n/frame4098.jpg
n/frame4097.jpg
n/frame4096.jpg
n/frame4095.jpg
n/frame4084.jpg
n/frame4083.jpg
n/frame4082.jpg
n/frame4081.jpg
n/frame4080.jpg
n/frame4069.jpg
n/frame4068.jpg
n/frame4067.jpg
n/frame4066.jpg
n/frame4065.jpg
n/frame4054.jpg
n/frame4053.jpg
n/frame4052.jpg
n/frame4051.jpg
n/frame4050.jpg
n/frame4039.jpg
n/frame4038.jpg
n/frame4037.jpg
n/frame4036.jpg
n/frame4035.jpg
n/frame4024.jpg
n/frame4023.jpg
n/frame4022.jpg
n/frame4021.jpg
n/frame4020.jpg
n/frame4009.jpg
n/frame4008.jpg
n/frame4007.jpg
n/frame4006.jpg
n/frame4005.jpg
n/frame3994.jpg
n/frame3993.jpg
n/frame3992.jpg
n/frame3991.jpg
n/frame3990.jpg
n/frame3979.jpg
n/frame3978.jpg
n/frame3977.jpg
n/frame3976.jpg
n/frame3975.jpg
n/frame3964.jpg
n/frame3963.jpg
n/frame3962.jpg
n/frame3961.jpg
n/frame3960.jpg
n/frame3949.jpg
n/frame3948.jpg
n/frame3947.jpg
n/frame3946.jpg
n/frame3945.jpg
n/frame3934.jpg
n/frame3933.jpg
n/frame3932.jpg
n/frame3931.jpg
n/frame3930.jpg
n/frame3919.jpg
n/frame3918.jpg
n/frame3917.jpg
n/frame3916.jpg
n/frame3915.jpg
n/frame3904.jpg
n/frame3903.jpg
n/frame3902.jpg
n/frame3901.jpg
n/frame3900.jpg
n/frame3889.jpg
n/frame3888.jpg
n/frame3887.jpg
n/frame3886.jpg
n/frame3885.jpg
n/frame3874.jpg
n/frame3873.jpg
n/frame3872.jpg
n/frame3871.jpg
n/frame3870.jpg
n/frame3859.jpg
n/frame3858.jpg
n/frame3857.jpg
n/frame3856.jpg
n/frame3855.jpg
n/frame3844.jpg
n/frame3843.jpg
n/frame3842.jpg
n/frame3841.jpg
n/frame3840.jpg
n/frame3829.jpg
n/frame3828.jpg
n/frame3827.jpg
n/frame3826.jpg
n/frame3825.jpg
n/frame3814.jpg
n/frame3813.jpg
n/frame3812.jpg
n/frame3811.jpg
n/frame3810.jpg
n/frame3799.jpg
n/frame3798.jpg
n/frame3797.jpg
n/frame3796.jpg
n/frame3795.jpg
n/frame3784.jpg
n/frame3783.jpg
n/frame3782.jpg
n/frame3781.jpg
n/frame3780.jpg
n/frame3769.jpg
n/frame3768.jpg
n/frame3767.jpg
n/frame3766.jpg
n/frame3765.jpg
n/frame3754.jpg
n/frame3753.jpg
n/frame3752.jpg
n/frame3751.jpg
n/frame3750.jpg
n/frame3739.jpg
n/frame3738.jpg
n/frame3737.jpg
n/frame3736.jpg
n/frame3735.jpg
n/frame3724.jpg
n/frame3723.jpg
n/frame3722.jpg
n/frame3721.jpg
n/frame3720.jpg
n/frame3709.jpg
n/frame3708.jpg
n/frame3707.jpg
n/frame3706.jpg
n/frame3705.jpg
n/frame3694.jpg
n/frame3693.jpg
n/frame3692.jpg
n/frame3691.jpg
n/frame3690.jpg
n/frame3679.jpg
n/frame3678.jpg
n/frame3677.jpg
n/frame3676.jpg
n/frame3675.jpg
n/frame3664.jpg
n/frame3663.jpg
n/frame3662.jpg
n/frame3661.jpg
n/frame3660.jpg
n/frame3649.jpg
n/frame3648.jpg
n/frame3647.jpg
n/frame3646.jpg
n/frame3645.jpg
n/frame3634.jpg
n/frame3633.jpg
n/frame3632.jpg
n/frame3631.jpg
n/frame3630.jpg
n/frame3619.jpg
n/frame3618.jpg
n/frame3617.jpg
n/frame3616.jpg
n/frame3615.jpg
n/frame3604.jpg
n/frame3603.jpg
n/frame3602.jpg
n/frame3601.jpg
n/frame3600.jpg
n/frame3589.jpg
n/frame3588.jpg
n/frame3587.jpg
n/frame3586.jpg
n/frame3585.jpg
n/frame3574.jpg
n/frame3573.jpg
n/frame3572.jpg
n/frame3571.jpg
n/frame3570.jpg
n/frame3559.jpg
n/frame3558.jpg
n/frame3557.jpg
n/frame3556.jpg
n/frame3555.jpg
n/frame3544.jpg
n/frame3543.jpg
n/frame3542.jpg
n/frame3541.jpg
n/frame3540.jpg
n/frame3529.jpg
n/frame3528.jpg
n/frame3527.jpg
n/frame3526.jpg
n/frame3525.jpg
n/frame3514.jpg
n/frame3513.jpg
n/frame3512.jpg
n/frame3511.jpg
n/frame3510.jpg
n/frame3499.jpg
n/frame3498.jpg
n/frame3497.jpg
n/frame3496.jpg
n/frame3495.jpg
n/frame3484.jpg
n/frame3483.jpg
n/frame3482.jpg
n/frame3481.jpg
n/frame3480.jpg
n/frame3469.jpg
n/frame3468.jpg
n/frame3467.jpg
n/frame3466.jpg
n/frame3465.jpg
n/frame3454.jpg
n/frame3453.jpg
n/frame3452.jpg
n/frame3451.jpg
n/frame3450.jpg
n/frame3439.jpg
n/frame3438.jpg
n/frame3437.jpg
n/frame3436.jpg
n/frame3435.jpg
n/frame3424.jpg
n/frame3423.jpg
n/frame3422.jpg
n/frame3421.jpg
n/frame3420.jpg
n/frame3409.jpg
n/frame3408.jpg
n/frame3407.jpg
n/frame3406.jpg
n/frame3405.jpg
n/frame3394.jpg
n/frame3393.jpg
n/frame3392.jpg
n/frame3391.jpg
n/frame3390.jpg
n/frame3379.jpg
n/frame3378.jpg
n/frame3377.jpg
n/frame3376.jpg
n/frame3375.jpg
n/frame3364.jpg
n/frame3363.jpg
n/frame3362.jpg
n/frame3361.jpg
n/frame3360.jpg
n/frame3349.jpg
n/frame3348.jpg
n/frame3347.jpg
n/frame3346.jpg
n/frame3345.jpg
n/frame3334.jpg
n/frame3333.jpg
n/frame3332.jpg
n/frame3331.jpg
n/frame3330.jpg
n/frame3319.jpg
n/frame3318.jpg
n/frame3317.jpg
n/frame3316.jpg
n/frame3315.jpg
n/frame3304.jpg
n/frame3303.jpg
n/frame3302.jpg
n/frame3301.jpg
n/frame3300.jpg
n/frame3289.jpg
n/frame3288.jpg
n/frame3287.jpg
n/frame3286.jpg
n/frame3285.jpg
n/frame3274.jpg
n/frame3273.jpg
n/frame3272.jpg
n/frame3271.jpg
n/frame3270.jpg
n/frame3259.jpg
n/frame3258.jpg
n/frame3257.jpg
n/frame3256.jpg
n/frame3255.jpg
n/frame3244.jpg
n/frame3243.jpg
n/frame3242.jpg
n/frame3241.jpg
n/frame3240.jpg
n/frame3229.jpg
n/frame3228.jpg
n/frame3227.jpg
n/frame3226.jpg
n/frame3225.jpg
n/frame3214.jpg
n/frame3213.jpg
n/frame3212.jpg
n/frame3211.jpg
n/frame3210.jpg
n/frame3199.jpg
n/frame3198.jpg
n/frame3197.jpg
n/frame3196.jpg
n/frame3195.jpg
n/frame3184.jpg
n/frame3183.jpg
n/frame3182.jpg
n/frame3181.jpg
n/frame3180.jpg
n/frame3169.jpg
n/frame3168.jpg
n/frame3167.jpg
n/frame3166.jpg
n/frame3165.jpg
n/frame3154.jpg
n/frame3153.jpg
n/frame3152.jpg
n/frame3151.jpg
n/frame3150.jpg
n/frame3139.jpg
n/frame3138.jpg
n/frame3137.jpg
n/frame3136.jpg
n/frame3135.jpg
n/frame3124.jpg
n/frame3123.jpg
n/frame3122.jpg
n/frame3121.jpg
n/frame3120.jpg
n/frame3109.jpg
n/frame3108.jpg
n/frame3107.jpg
n/frame3106.jpg
n/frame3105.jpg
n/frame3094.jpg
n/frame3093.jpg
n/frame3092.jpg
n/frame3091.jpg
n/frame3090.jpg
n/frame3079.jpg
n/frame3078.jpg
n/frame3077.jpg
n/frame3076.jpg
n/frame3075.jpg
n/frame3064.jpg
n/frame3063.jpg
n/frame3062.jpg
n/frame3061.jpg
n/frame3060.jpg
n/frame3049.jpg
n/frame3048.jpg
n/frame3047.jpg
n/frame3046.jpg
n/frame3045.jpg
n/frame3034.jpg
n/frame3033.jpg
n/frame3032.jpg
n/frame3031.jpg
n/frame3030.jpg
n/frame3019.jpg
n/frame3018.jpg
n/frame3017.jpg
n/frame3016.jpg
n/frame3015.jpg
n/frame3004.jpg
n/frame3003.jpg
n/frame3002.jpg
n/frame3001.jpg
n/frame3000.jpg
n/frame2989.jpg
n/frame2988.jpg
n/frame2987.jpg
n/frame2986.jpg
n/frame2985.jpg
n/frame2974.jpg
n/frame2973.jpg
n/frame2972.jpg
n/frame2971.jpg
n/frame2970.jpg
n/frame2959.jpg
n/frame2958.jpg
n/frame2957.jpg
n/frame2956.jpg
n/frame2955.jpg
n/frame2944.jpg
n/frame2943.jpg
n/frame2942.jpg
n/frame2941.jpg
n/frame2940.jpg
n/frame2929.jpg
n/frame2928.jpg
n/frame2927.jpg
n/frame2926.jpg
n/frame2925.jpg
n/frame2914.jpg
n/frame2913.jpg
n/frame2912.jpg
n/frame2911.jpg
n/frame2910.jpg
n/frame2899.jpg
n/frame2898.jpg
n/frame2897.jpg
n/frame2896.jpg
n/frame2895.jpg
n/frame2884.jpg
n/frame2883.jpg
n/frame2882.jpg
n/frame2881.jpg
n/frame2880.jpg
n/frame2869.jpg
n/frame2868.jpg
n/frame2867.jpg
n/frame2866.jpg
n/frame2865.jpg
n/frame2854.jpg
n/frame2853.jpg
n/frame2852.jpg
n/frame2851.jpg
n/frame2850.jpg
n/frame2839.jpg
n/frame2838.jpg
n/frame2837.jpg
n/frame2836.jpg
n/frame2835.jpg
n/frame2824.jpg
n/frame2823.jpg
n/frame2822.jpg
n/frame2821.jpg
n/frame2820.jpg
n/frame2809.jpg
n/frame2808.jpg
n/frame2807.jpg
n/frame2806.jpg
n/frame2805.jpg
n/frame2794.jpg
n/frame2793.jpg
n/frame2792.jpg
n/frame2791.jpg
n/frame2790.jpg
n/frame2779.jpg
n/frame2778.jpg
n/frame2777.jpg
n/frame2776.jpg
n/frame2775.jpg
n/frame2764.jpg
n/frame2763.jpg
n/frame2762.jpg
n/frame2761.jpg
n/frame2760.jpg
n/frame2749.jpg
n/frame2748.jpg
n/frame2747.jpg
n/frame2746.jpg
n/frame2745.jpg
n/frame2734.jpg
n/frame2733.jpg
n/frame2732.jpg
n/frame2731.jpg
n/frame2730.jpg
n/frame2719.jpg
n/frame2718.jpg
n/frame2717.jpg
n/frame2716.jpg
n/frame2715.jpg
n/frame2704.jpg
n/frame2703.jpg
n/frame2702.jpg
n/frame2701.jpg
n/frame2700.jpg
n/frame2689.jpg
n/frame2688.jpg
n/frame2687.jpg
n/frame2686.jpg
n/frame2685.jpg
n/frame2674.jpg
n/frame2673.jpg
n/frame2672.jpg
n/frame2671.jpg
n/frame2670.jpg
n/frame2659.jpg
n/frame2658.jpg
n/frame2657.jpg
n/frame2656.jpg
n/frame2655.jpg
n/frame2644.jpg
n/frame2643.jpg
n/frame2642.jpg
n/frame2641.jpg
n/frame2640.jpg
n/frame2629.jpg
n/frame2628.jpg
n/frame2627.jpg
n/frame2626.jpg
n/frame2625.jpg
n/frame2614.jpg
n/frame2613.jpg
n/frame2612.jpg
n/frame2611.jpg
n/frame2610.jpg
n/frame2599.jpg
n/frame2598.jpg
n/frame2597.jpg
n/frame2596.jpg
n/frame2595.jpg
n/frame2584.jpg
n/frame2583.jpg
n/frame2582.jpg
n/frame2581.jpg
n/frame2580.jpg
n/frame2569.jpg
n/frame2568.jpg
n/frame2567.jpg
n/frame2566.jpg
n/frame2565.jpg
n/frame2554.jpg
n/frame2553.jpg
n/frame2552.jpg
n/frame2551.jpg
n/frame2550.jpg
n/frame2539.jpg
n/frame2538.jpg
n/frame2537.jpg
n/frame2536.jpg
n/frame2535.jpg
n/frame2524.jpg
n/frame2523.jpg
n/frame2522.jpg
n/frame2521.jpg
n/frame2520.jpg
n/frame2509.jpg
n/frame2508.jpg
n/frame2507.jpg
n/frame2506.jpg
n/frame2505.jpg
n/frame2494.jpg
n/frame2493.jpg
n/frame2492.jpg
n/frame2491.jpg
n/frame2490.jpg
n/frame2479.jpg
n/frame2478.jpg
n/frame2477.jpg
n/frame2476.jpg
n/frame2475.jpg
n/frame2464.jpg
n/frame2463.jpg
n/frame2462.jpg
n/frame2461.jpg
n/frame2460.jpg
n/frame2449.jpg
n/frame2448.jpg
n/frame2447.jpg
n/frame2446.jpg
n/frame2445.jpg
n/frame2434.jpg
n/frame2433.jpg
n/frame2432.jpg
n/frame2431.jpg
n/frame2430.jpg
n/frame2419.jpg
n/frame2418.jpg
n/frame2417.jpg
n/frame2416.jpg
n/frame2415.jpg
n/frame2404.jpg
n/frame2403.jpg
n/frame2402.jpg
n/frame2401.jpg
n/frame2400.jpg
n/frame2389.jpg
n/frame2388.jpg
n/frame2387.jpg
n/frame2386.jpg
n/frame2385.jpg
n/frame2374.jpg
n/frame2373.jpg
n/frame2372.jpg
n/frame2371.jpg
n/frame2370.jpg
n/frame2359.jpg
n/frame2358.jpg
n/frame2357.jpg
n/frame2356.jpg
n/frame2355.jpg
n/frame2344.jpg
n/frame2343.jpg
n/frame2342.jpg
n/frame2341.jpg
n/frame2340.jpg
n/frame2329.jpg
n/frame2328.jpg
n/frame2327.jpg
n/frame2326.jpg
n/frame2325.jpg
n/frame2314.jpg
n/frame2313.jpg
n/frame2312.jpg
n/frame2311.jpg
n/frame2310.jpg
n/frame2299.jpg
n/frame2298.jpg
n/frame2297.jpg
n/frame2296.jpg
n/frame2295.jpg
n/frame2284.jpg
n/frame2283.jpg
n/frame2282.jpg
n/frame2281.jpg
n/frame2280.jpg
n/frame2269.jpg
n/frame2268.jpg
n/frame2267.jpg
n/frame2266.jpg
n/frame2265.jpg
n/frame2254.jpg
n/frame2253.jpg
n/frame2252.jpg
n/frame2251.jpg
n/frame2250.jpg
n/frame2239.jpg
n/frame2238.jpg
n/frame2237.jpg
n/frame2236.jpg
n/frame2235.jpg
n/frame2224.jpg
n/frame2223.jpg
n/frame2222.jpg
n/frame2221.jpg
n/frame2220.jpg
n/frame2209.jpg
n/frame2208.jpg
n/frame2207.jpg
n/frame2206.jpg
n/frame2205.jpg
n/frame2194.jpg
n/frame2193.jpg
n/frame2192.jpg
n/frame2191.jpg
n/frame2190.jpg
n/frame2179.jpg
n/frame2178.jpg
n/frame2177.jpg
n/frame2176.jpg
n/frame2175.jpg
n/frame2164.jpg
n/frame2163.jpg
n/frame2162.jpg
n/frame2161.jpg
n/frame2160.jpg
n/frame2149.jpg
n/frame2148.jpg
n/frame2147.jpg
n/frame2146.jpg
n/frame2145.jpg
n/frame2134.jpg
n/frame2133.jpg
n/frame2132.jpg
n/frame2131.jpg
n/frame2130.jpg
n/frame2119.jpg
n/frame2118.jpg
n/frame2117.jpg
n/frame2116.jpg
n/frame2115.jpg
n/frame2104.jpg
n/frame2103.jpg
n/frame2102.jpg
n/frame2101.jpg
n/frame2100.jpg
n/frame2089.jpg
n/frame2088.jpg
n/frame2087.jpg
n/frame2086.jpg
n/frame2085.jpg
n/frame2074.jpg
n/frame2073.jpg
n/frame2072.jpg
n/frame2071.jpg
n/frame2070.jpg
n/frame2059.jpg
n/frame2058.jpg
n/frame2057.jpg
n/frame2056.jpg
n/frame2055.jpg
n/frame2044.jpg
n/frame2043.jpg
n/frame2042.jpg
n/frame2041.jpg
n/frame2040.jpg
n/frame2029.jpg
n/frame2028.jpg
n/frame2027.jpg
n/frame2026.jpg
n/frame2025.jpg
n/frame2014.jpg
n/frame2013.jpg
n/frame2012.jpg
n/frame2011.jpg
n/frame2010.jpg
n/frame1999.jpg
n/frame1998.jpg
n/frame1997.jpg
n/frame1996.jpg
n/frame1995.jpg
n/frame1984.jpg
n/frame1983.jpg
n/frame1982.jpg
n/frame1981.jpg
n/frame1980.jpg
n/frame1969.jpg
n/frame1968.jpg
n/frame1967.jpg
n/frame1966.jpg
n/frame1965.jpg
n/frame1954.jpg
n/frame1953.jpg
n/frame1952.jpg
n/frame1951.jpg
n/frame1950.jpg
n/frame1939.jpg
n/frame1938.jpg
n/frame1937.jpg
n/frame1936.jpg
n/frame1935.jpg
n/frame1924.jpg
n/frame1923.jpg
n/frame1922.jpg
n/frame1921.jpg
n/frame1920.jpg
n/frame1909.jpg
n/frame1908.jpg
n/frame1907.jpg
n/frame1906.jpg
n/frame1905.jpg
n/frame1894.jpg
n/frame1893.jpg
n/frame1892.jpg
n/frame1891.jpg
n/frame1890.jpg
n/frame1879.jpg
n/frame1878.jpg
n/frame1877.jpg
n/frame1876.jpg
n/frame1875.jpg
n/frame1864.jpg
n/frame1863.jpg
n/frame1862.jpg
n/frame1861.jpg
n/frame1860.jpg
n/frame1849.jpg
n/frame1848.jpg
n/frame1847.jpg
n/frame1846.jpg
n/frame1845.jpg
n/frame1834.jpg
n/frame1833.jpg
n/frame1832.jpg
n/frame1831.jpg
n/frame1830.jpg
n/frame1819.jpg
n/frame1818.jpg
n/frame1817.jpg
n/frame1816.jpg
n/frame1815.jpg
n/frame1804.jpg
n/frame1803.jpg
n/frame1802.jpg
n/frame1801.jpg
n/frame1800.jpg
n/frame1789.jpg
n/frame1788.jpg
n/frame1787.jpg
n/frame1786.jpg
n/frame1785.jpg
n/frame1774.jpg
n/frame1773.jpg
n/frame1772.jpg
n/frame1771.jpg
n/frame1770.jpg
n/frame1759.jpg
n/frame1758.jpg
n/frame1757.jpg
n/frame1756.jpg
n/frame1755.jpg
n/frame1744.jpg
n/frame1743.jpg
n/frame1742.jpg
n/frame1741.jpg
n/frame1740.jpg
n/frame1729.jpg
n/frame1728.jpg
n/frame1727.jpg
n/frame1726.jpg
n/frame1725.jpg
n/frame1714.jpg
n/frame1713.jpg
n/frame1712.jpg
n/frame1711.jpg
n/frame1710.jpg
n/frame1699.jpg
n/frame1698.jpg
n/frame1697.jpg
n/frame1696.jpg
n/frame1695.jpg
n/frame1684.jpg
n/frame1683.jpg
n/frame1682.jpg
n/frame1681.jpg
n/frame1680.jpg
n/frame1669.jpg
n/frame1668.jpg
n/frame1667.jpg
n/frame1666.jpg
n/frame1665.jpg
n/frame1654.jpg
n/frame1653.jpg
n/frame1652.jpg
n/frame1651.jpg
n/frame1650.jpg
n/frame1639.jpg
n/frame1638.jpg
n/frame1637.jpg
n/frame1636.jpg
n/frame1635.jpg
n/frame1624.jpg
n/frame1623.jpg
n/frame1622.jpg
n/frame1621.jpg
n/frame1620.jpg
n/frame1609.jpg
n/frame1608.jpg
n/frame1607.jpg
n/frame1606.jpg
n/frame1605.jpg
n/frame1594.jpg
n/frame1593.jpg
n/frame1592.jpg
n/frame1591.jpg
n/frame1590.jpg
n/frame1579.jpg
n/frame1578.jpg
n/frame1577.jpg
n/frame1576.jpg
n/frame1575.jpg
n/frame1564.jpg
n/frame1563.jpg
n/frame1562.jpg
n/frame1561.jpg
n/frame1560.jpg
n/frame1549.jpg
n/frame1548.jpg
n/frame1547.jpg
n/frame1546.jpg
n/frame1545.jpg
n/frame1534.jpg
n/frame1533.jpg
n/frame1532.jpg
n/frame1531.jpg
n/frame1530.jpg
n/frame1519.jpg
n/frame1518.jpg
n/frame1517.jpg
n/frame1516.jpg
n/frame1515.jpg
n/frame1504.jpg
n/frame1503.jpg
n/frame1502.jpg
n/frame1501.jpg
n/frame1500.jpg
n/frame1489.jpg
n/frame1488.jpg
n/frame1487.jpg
n/frame1486.jpg
n/frame1485.jpg
n/frame1474.jpg
n/frame1473.jpg
n/frame1472.jpg
n/frame1471.jpg
n/frame1470.jpg
n/frame1459.jpg
n/frame1458.jpg
n/frame1457.jpg
n/frame1456.jpg
n/frame1455.jpg
n/frame1444.jpg
n/frame1443.jpg
n/frame1442.jpg
n/frame1441.jpg
n/frame1440.jpg
n/frame1429.jpg
n/frame1428.jpg
n/frame1427.jpg
n/frame1426.jpg
n/frame1425.jpg
n/frame1414.jpg
n/frame1413.jpg
n/frame1412.jpg
n/frame1411.jpg
n/frame1410.jpg
n/frame1399.jpg
n/frame1398.jpg
n/frame1397.jpg
n/frame1396.jpg
n/frame1395.jpg
n/frame1384.jpg
n/frame1383.jpg
n/frame1382.jpg
n/frame1381.jpg
n/frame1380.jpg
n/frame1369.jpg
n/frame1368.jpg
n/frame1367.jpg
n/frame1366.jpg
n/frame1365.jpg
n/frame1354.jpg
n/frame1353.jpg
n/frame1352.jpg
n/frame1351.jpg
n/frame1350.jpg
n/frame1339.jpg
n/frame1338.jpg
n/frame1337.jpg
n/frame1336.jpg
n/frame1335.jpg
n/frame1324.jpg
n/frame1323.jpg
n/frame1322.jpg
n/frame1321.jpg
n/frame1320.jpg
n/frame1309.jpg
n/frame1308.jpg
n/frame1307.jpg
n/frame1306.jpg
n/frame1305.jpg
n/frame1294.jpg
n/frame1293.jpg
n/frame1292.jpg
n/frame1291.jpg
n/frame1290.jpg
n/frame1279.jpg
n/frame1278.jpg
n/frame1277.jpg
n/frame1276.jpg
n/frame1275.jpg
n/frame1264.jpg
n/frame1263.jpg
n/frame1262.jpg
n/frame1261.jpg
n/frame1260.jpg
n/frame1249.jpg
n/frame1248.jpg
n/frame1247.jpg
n/frame1246.jpg
n/frame1245.jpg
n/frame1234.jpg
n/frame1233.jpg
n/frame1232.jpg
n/frame1231.jpg
n/frame1230.jpg
n/frame1219.jpg
n/frame1218.jpg
n/frame1217.jpg
n/frame1216.jpg
n/frame1215.jpg
n/frame1204.jpg
n/frame1203.jpg
n/frame1202.jpg
n/frame1201.jpg
n/frame1200.jpg
n/frame1189.jpg
n/frame1188.jpg
n/frame1187.jpg
n/frame1186.jpg
n/frame1185.jpg
n/frame1174.jpg
n/frame1173.jpg
n/frame1172.jpg
n/frame1171.jpg
n/frame1170.jpg
n/frame1159.jpg
n/frame1158.jpg
n/frame1157.jpg
n/frame1156.jpg
n/frame1155.jpg
n/frame1144.jpg
n/frame1143.jpg
n/frame1142.jpg
n/frame1141.jpg
n/frame1140.jpg
n/frame1129.jpg
n/frame1128.jpg
n/frame1127.jpg
n/frame1126.jpg
n/frame1125.jpg
n/frame1114.jpg
n/frame1113.jpg
n/frame1112.jpg
n/frame1111.jpg
n/frame1110.jpg
n/frame1099.jpg
n/frame1098.jpg
n/frame1097.jpg
n/frame1096.jpg
n/frame1095.jpg
n/frame1084.jpg
n/frame1083.jpg
n/frame1082.jpg
n/frame1081.jpg
n/frame1080.jpg
n/frame1069.jpg
n/frame1068.jpg
n/frame1067.jpg
n/frame1066.jpg
n/frame1065.jpg
n/frame1054.jpg
n/frame1053.jpg
n/frame1052.jpg
n/frame1051.jpg
n/frame1050.jpg
n/frame1039.jpg
n/frame1038.jpg
n/frame1037.jpg
n/frame1036.jpg
n/frame1035.jpg
n/frame1024.jpg
n/frame1023.jpg
n/frame1022.jpg
n/frame1021.jpg
n/frame1020.jpg
n/frame1009.jpg
n/frame1008.jpg
n/frame1007.jpg
n/frame1006.jpg
n/frame1005.jpg
n/frame994.jpg
n/frame993.jpg
n/frame992.jpg
n/frame991.jpg
n/frame990.jpg
n/frame979.jpg
n/frame978.jpg
n/frame977.jpg
n/frame976.jpg
n/frame975.jpg
n/frame964.jpg
n/frame963.jpg
n/frame962.jpg
n/frame961.jpg
n/frame960.jpg
n/frame949.jpg
n/frame948.jpg
n/frame947.jpg
n/frame946.jpg
n/frame945.jpg
n/frame934.jpg
n/frame933.jpg
n/frame932.jpg
n/frame931.jpg
n/frame930.jpg
n/frame919.jpg
n/frame918.jpg
n/frame917.jpg
n/frame916.jpg
n/frame915.jpg
n/frame904.jpg
n/frame903.jpg
n/frame902.jpg
n/frame901.jpg
n/frame900.jpg
n/frame889.jpg
n/frame888.jpg
n/frame887.jpg
n/frame886.jpg
n/frame885.jpg
n/frame874.jpg
n/frame873.jpg
n/frame872.jpg
n/frame871.jpg
n/frame870.jpg
n/frame859.jpg
n/frame858.jpg
n/frame857.jpg
n/frame856.jpg
n/frame855.jpg
n/frame844.jpg
n/frame843.jpg
n/frame842.jpg
n/frame841.jpg
n/frame840.jpg
n/frame829.jpg
n/frame828.jpg
n/frame827.jpg
n/frame826.jpg
n/frame825.jpg
n/frame814.jpg
n/frame813.jpg
n/frame812.jpg
n/frame811.jpg
n/frame810.jpg
n/frame799.jpg
n/frame798.jpg
n/frame797.jpg
n/frame796.jpg
n/frame795.jpg
n/frame784.jpg
n/frame783.jpg
n/frame782.jpg
n/frame781.jpg
n/frame780.jpg
n/frame769.jpg
n/frame768.jpg
n/frame767.jpg
n/frame766.jpg
n/frame765.jpg
n/frame754.jpg
n/frame753.jpg
n/frame752.jpg
n/frame751.jpg
n/frame750.jpg
n/frame739.jpg
n/frame738.jpg
n/frame737.jpg
n/frame736.jpg
n/frame735.jpg
n/frame724.jpg
n/frame723.jpg
n/frame722.jpg
n/frame721.jpg
n/frame720.jpg
n/frame709.jpg
n/frame708.jpg
n/frame707.jpg
n/frame706.jpg
n/frame705.jpg
n/frame694.jpg
n/frame693.jpg
n/frame692.jpg
n/frame691.jpg
n/frame690.jpg
n/frame679.jpg
n/frame678.jpg
n/frame677.jpg
n/frame676.jpg
n/frame675.jpg
n/frame664.jpg
n/frame663.jpg
n/frame662.jpg
n/frame661.jpg
n/frame660.jpg
n/frame649.jpg
n/frame648.jpg
n/frame647.jpg
n/frame646.jpg
n/frame645.jpg
n/frame634.jpg
n/frame633.jpg
n/frame632.jpg
n/frame631.jpg
n/frame630.jpg
n/frame619.jpg
n/frame618.jpg
n/frame617.jpg
n/frame616.jpg
n/frame615.jpg
n/frame604.jpg
n/frame603.jpg
n/frame602.jpg
n/frame601.jpg
n/frame600.jpg
n/frame589.jpg
n/frame588.jpg
n/frame587.jpg
n/frame586.jpg
n/frame585.jpg
n/frame574.jpg
n/frame573.jpg
n/frame572.jpg
n/frame571.jpg
n/frame570.jpg
n/frame559.jpg
n/frame558.jpg
n/frame557.jpg
n/frame556.jpg
n/frame555.jpg
n/frame544.jpg
n/frame543.jpg
n/frame542.jpg
n/frame541.jpg
n/frame540.jpg
n/frame529.jpg
n/frame528.jpg
n/frame527.jpg
n/frame526.jpg
n/frame525.jpg
n/frame514.jpg
n/frame513.jpg
n/frame512.jpg
n/frame511.jpg
n/frame510.jpg
n/frame499.jpg
n/frame498.jpg
n/frame497.jpg
n/frame496.jpg
n/frame495.jpg
n/frame484.jpg
n/frame483.jpg
n/frame482.jpg
n/frame481.jpg
n/frame480.jpg
n/frame469.jpg
n/frame468.jpg
n/frame467.jpg
n/frame466.jpg
n/frame465.jpg
n/frame454.jpg
n/frame453.jpg
n/frame452.jpg
n/frame451.jpg
n/frame450.jpg
n/frame439.jpg
n/frame438.jpg
n/frame437.jpg
n/frame436.jpg
n/frame435.jpg
n/frame424.jpg
n/frame423.jpg
n/frame422.jpg
n/frame421.jpg
n/frame420.jpg
n/frame409.jpg
n/frame408.jpg
n/frame407.jpg
n/frame406.jpg
n/frame405.jpg
n/frame394.jpg
n/frame393.jpg
n/frame392.jpg
n/frame391.jpg
n/frame390.jpg
n/frame379.jpg
n/frame378.jpg
n/frame377.jpg
n/frame376.jpg
n/frame375.jpg
n/frame364.jpg
n/frame363.jpg
n/frame362.jpg
n/frame361.jpg
n/frame360.jpg
n/frame349.jpg
n/frame348.jpg
n/frame347.jpg
n/frame346.jpg
n/frame345.jpg
n/frame334.jpg
n/frame333.jpg
n/frame332.jpg
n/frame331.jpg
n/frame330.jpg
n/frame319.jpg
n/frame318.jpg
n/frame317.jpg
n/frame316.jpg
n/frame315.jpg
n/frame304.jpg
n/frame303.jpg
n/frame302.jpg
n/frame301.jpg
n/frame300.jpg
n/frame289.jpg
n/frame288.jpg
n/frame287.jpg
n/frame286.jpg
n/frame285.jpg
n/frame274.jpg
n/frame273.jpg
n/frame272.jpg
n/frame271.jpg
n/frame270.jpg
n/frame259.jpg
n/frame258.jpg
n/frame257.jpg
n/frame256.jpg
n/frame255.jpg
n/frame244.jpg
n/frame243.jpg
n/frame242.jpg
n/frame241.jpg
n/frame240.jpg
n/frame229.jpg
n/frame228.jpg
n/frame227.jpg
n/frame226.jpg
n/frame225.jpg
n/frame214.jpg
n/frame213.jpg
n/frame212.jpg
n/frame211.jpg
n/frame210.jpg
n/frame199.jpg
n/frame198.jpg
n/frame197.jpg
n/frame196.jpg
n/frame195.jpg
n/frame184.jpg
n/frame183.jpg
n/frame182.jpg
n/frame181.jpg
n/frame180.jpg
n/frame169.jpg
n/frame168.jpg
n/frame167.jpg
n/frame166.jpg
n/frame165.jpg
n/frame154.jpg
n/frame153.jpg
n/frame152.jpg
n/frame151.jpg
n/frame150.jpg
n/frame139.jpg
n/frame138.jpg
n/frame137.jpg
n/frame136.jpg
n/frame135.jpg
n/frame124.jpg
n/frame123.jpg
n/frame122.jpg
n/frame121.jpg
n/frame120.jpg
n/frame109.jpg
n/frame108.jpg
n/frame107.jpg
n/frame106.jpg
n/frame105.jpg
n/frame94.jpg
n/frame93.jpg
n/frame92.jpg
n/frame91.jpg
n/frame90.jpg
n/frame79.jpg
n/frame78.jpg
n/frame77.jpg
n/frame76.jpg
n/frame75.jpg
n/frame64.jpg
n/frame63.jpg
n/frame62.jpg
n/frame61.jpg
n/frame60.jpg
n/frame49.jpg
n/frame48.jpg
n/frame47.jpg
n/frame46.jpg
n/frame45.jpg
n/frame34.jpg
n/frame33.jpg
n/frame32.jpg
n/frame31.jpg
n/frame30.jpg
n/frame19.jpg
n/frame18.jpg
n/frame17.jpg
n/frame16.jpg
n/frame15.jpg
n/frame4.jpg
n/frame3.jpg
n/frame2.jpg
n/frame1.jpg
n/frame0.jpg